Archive member included to satisfy reference by file (symbol)

c:/ac6/systemworkbench/plugins/fr.ac6.mcu.externaltools.arm-none.win32_1.17.0.201812190825/tools/compiler/bin/../lib/gcc/arm-none-eabi/7.3.1/thumb/v6-m\libgcc.a(_udivsi3.o)
                              RTOS/src/port.o (__aeabi_uidiv)
c:/ac6/systemworkbench/plugins/fr.ac6.mcu.externaltools.arm-none.win32_1.17.0.201812190825/tools/compiler/bin/../lib/gcc/arm-none-eabi/7.3.1/thumb/v6-m\libgcc.a(_dvmd_tls.o)
                              c:/ac6/systemworkbench/plugins/fr.ac6.mcu.externaltools.arm-none.win32_1.17.0.201812190825/tools/compiler/bin/../lib/gcc/arm-none-eabi/7.3.1/thumb/v6-m\libgcc.a(_udivsi3.o) (__aeabi_idiv0)
c:/ac6/systemworkbench/plugins/fr.ac6.mcu.externaltools.arm-none.win32_1.17.0.201812190825/tools/compiler/bin/../lib/gcc/arm-none-eabi/7.3.1/../../../../arm-none-eabi/lib/thumb/v6-m\libc.a(lib_a-errno.o)
                              src/syscalls.o (__errno)
c:/ac6/systemworkbench/plugins/fr.ac6.mcu.externaltools.arm-none.win32_1.17.0.201812190825/tools/compiler/bin/../lib/gcc/arm-none-eabi/7.3.1/../../../../arm-none-eabi/lib/thumb/v6-m\libc.a(lib_a-exit.o)
                              c:/ac6/systemworkbench/plugins/fr.ac6.mcu.externaltools.arm-none.win32_1.17.0.201812190825/tools/compiler/bin/../lib/gcc/arm-none-eabi/7.3.1/../../../../arm-none-eabi/lib/thumb/v6-m/crt0.o (exit)
c:/ac6/systemworkbench/plugins/fr.ac6.mcu.externaltools.arm-none.win32_1.17.0.201812190825/tools/compiler/bin/../lib/gcc/arm-none-eabi/7.3.1/../../../../arm-none-eabi/lib/thumb/v6-m\libc.a(lib_a-impure.o)
                              c:/ac6/systemworkbench/plugins/fr.ac6.mcu.externaltools.arm-none.win32_1.17.0.201812190825/tools/compiler/bin/../lib/gcc/arm-none-eabi/7.3.1/../../../../arm-none-eabi/lib/thumb/v6-m\libc.a(lib_a-exit.o) (_global_impure_ptr)
c:/ac6/systemworkbench/plugins/fr.ac6.mcu.externaltools.arm-none.win32_1.17.0.201812190825/tools/compiler/bin/../lib/gcc/arm-none-eabi/7.3.1/../../../../arm-none-eabi/lib/thumb/v6-m\libc.a(lib_a-init.o)
                              c:/ac6/systemworkbench/plugins/fr.ac6.mcu.externaltools.arm-none.win32_1.17.0.201812190825/tools/compiler/bin/../lib/gcc/arm-none-eabi/7.3.1/../../../../arm-none-eabi/lib/thumb/v6-m/crt0.o (__libc_init_array)
c:/ac6/systemworkbench/plugins/fr.ac6.mcu.externaltools.arm-none.win32_1.17.0.201812190825/tools/compiler/bin/../lib/gcc/arm-none-eabi/7.3.1/../../../../arm-none-eabi/lib/thumb/v6-m\libc.a(lib_a-memcpy-stub.o)
                              RTOS/src/queue.o (memcpy)
c:/ac6/systemworkbench/plugins/fr.ac6.mcu.externaltools.arm-none.win32_1.17.0.201812190825/tools/compiler/bin/../lib/gcc/arm-none-eabi/7.3.1/../../../../arm-none-eabi/lib/thumb/v6-m\libc.a(lib_a-memset.o)
                              c:/ac6/systemworkbench/plugins/fr.ac6.mcu.externaltools.arm-none.win32_1.17.0.201812190825/tools/compiler/bin/../lib/gcc/arm-none-eabi/7.3.1/../../../../arm-none-eabi/lib/thumb/v6-m/crt0.o (memset)
c:/ac6/systemworkbench/plugins/fr.ac6.mcu.externaltools.arm-none.win32_1.17.0.201812190825/tools/compiler/bin/../lib/gcc/arm-none-eabi/7.3.1/../../../../arm-none-eabi/lib/thumb/v6-m\libc.a(lib_a-__call_atexit.o)
                              c:/ac6/systemworkbench/plugins/fr.ac6.mcu.externaltools.arm-none.win32_1.17.0.201812190825/tools/compiler/bin/../lib/gcc/arm-none-eabi/7.3.1/../../../../arm-none-eabi/lib/thumb/v6-m\libc.a(lib_a-exit.o) (__call_exitprocs)
c:/ac6/systemworkbench/plugins/fr.ac6.mcu.externaltools.arm-none.win32_1.17.0.201812190825/tools/compiler/bin/../lib/gcc/arm-none-eabi/7.3.1/../../../../arm-none-eabi/lib/thumb/v6-m\libc.a(lib_a-atexit.o)
                              c:/ac6/systemworkbench/plugins/fr.ac6.mcu.externaltools.arm-none.win32_1.17.0.201812190825/tools/compiler/bin/../lib/gcc/arm-none-eabi/7.3.1/../../../../arm-none-eabi/lib/thumb/v6-m\libc.a(lib_a-__call_atexit.o) (atexit)
c:/ac6/systemworkbench/plugins/fr.ac6.mcu.externaltools.arm-none.win32_1.17.0.201812190825/tools/compiler/bin/../lib/gcc/arm-none-eabi/7.3.1/../../../../arm-none-eabi/lib/thumb/v6-m\libc.a(lib_a-fini.o)
                              c:/ac6/systemworkbench/plugins/fr.ac6.mcu.externaltools.arm-none.win32_1.17.0.201812190825/tools/compiler/bin/../lib/gcc/arm-none-eabi/7.3.1/../../../../arm-none-eabi/lib/thumb/v6-m\libc.a(lib_a-__call_atexit.o) (__libc_fini_array)
c:/ac6/systemworkbench/plugins/fr.ac6.mcu.externaltools.arm-none.win32_1.17.0.201812190825/tools/compiler/bin/../lib/gcc/arm-none-eabi/7.3.1/../../../../arm-none-eabi/lib/thumb/v6-m\libc.a(lib_a-lock.o)
                              c:/ac6/systemworkbench/plugins/fr.ac6.mcu.externaltools.arm-none.win32_1.17.0.201812190825/tools/compiler/bin/../lib/gcc/arm-none-eabi/7.3.1/../../../../arm-none-eabi/lib/thumb/v6-m\libc.a(lib_a-__call_atexit.o) (__retarget_lock_acquire_recursive)
[...]
Memory Configuration

Name             Origin             Length             Attributes
FLASH            0x08000000         0x00010000         xr
RAM              0x20000000         0x00002000         xrw
*default*        0x00000000         0xffffffff

Linker script and memory map

LOAD c:/ac6/systemworkbench/plugins/fr.ac6.mcu.externaltools.arm-none.win32_1.17.0.201812190825/tools/compiler/bin/../lib/gcc/arm-none-eabi/7.3.1/thumb/v6-m/crti.o
LOAD c:/ac6/systemworkbench/plugins/fr.ac6.mcu.externaltools.arm-none.win32_1.17.0.201812190825/tools/compiler/bin/../lib/gcc/arm-none-eabi/7.3.1/thumb/v6-m/crtbegin.o
LOAD c:/ac6/systemworkbench/plugins/fr.ac6.mcu.externaltools.arm-none.win32_1.17.0.201812190825/tools/compiler/bin/../lib/gcc/arm-none-eabi/7.3.1/../../../../arm-none-eabi/lib/thumb/v6-m/crt0.o
LOAD RTOS/src/croutine.o
LOAD RTOS/src/event_groups.o
LOAD RTOS/src/heap_2.o
LOAD RTOS/src/list.o
LOAD RTOS/src/port.o
LOAD RTOS/src/queue.o
LOAD RTOS/src/task.o
LOAD RTOS/src/timers.o
LOAD StdPeriph_Driver/src/stm32f0xx_adc.o
LOAD StdPeriph_Driver/src/stm32f0xx_cec.o
LOAD StdPeriph_Driver/src/stm32f0xx_comp.o
LOAD StdPeriph_Driver/src/stm32f0xx_crc.o
LOAD StdPeriph_Driver/src/stm32f0xx_dac.o
LOAD StdPeriph_Driver/src/stm32f0xx_dbgmcu.o
LOAD StdPeriph_Driver/src/stm32f0xx_dma.o
LOAD StdPeriph_Driver/src/stm32f0xx_exti.o
LOAD StdPeriph_Driver/src/stm32f0xx_flash.o
LOAD StdPeriph_Driver/src/stm32f0xx_gpio.o
LOAD StdPeriph_Driver/src/stm32f0xx_i2c.o
LOAD StdPeriph_Driver/src/stm32f0xx_iwdg.o
LOAD StdPeriph_Driver/src/stm32f0xx_misc.o
LOAD StdPeriph_Driver/src/stm32f0xx_pwr.o
LOAD StdPeriph_Driver/src/stm32f0xx_rcc.o
LOAD StdPeriph_Driver/src/stm32f0xx_rtc.o
LOAD StdPeriph_Driver/src/stm32f0xx_spi.o
LOAD StdPeriph_Driver/src/stm32f0xx_syscfg.o
LOAD StdPeriph_Driver/src/stm32f0xx_tim.o
LOAD StdPeriph_Driver/src/stm32f0xx_usart.o
LOAD StdPeriph_Driver/src/stm32f0xx_wwdg.o
LOAD Utilities/stm32f0_discovery.o
LOAD src/ADC.o
LOAD src/Buffer.o
LOAD src/USART.o
LOAD src/main.o
LOAD src/syscalls.o
LOAD src/system_stm32f0xx.o
LOAD startup/startup_stm32f0xx.o
LOAD c:/ac6/systemworkbench/plugins/fr.ac6.mcu.externaltools.arm-none.win32_1.17.0.201812190825/tools/compiler/bin/../lib/gcc/arm-none-eabi/7.3.1/../../../../arm-none-eabi/lib/thumb/v6-m\libm.a
START GROUP
LOAD c:/ac6/systemworkbench/plugins/fr.ac6.mcu.externaltools.arm-none.win32_1.17.0.201812190825/tools/compiler/bin/../lib/gcc/arm-none-eabi/7.3.1/thumb/v6-m\libgcc.a
LOAD c:/ac6/systemworkbench/plugins/fr.ac6.mcu.externaltools.arm-none.win32_1.17.0.201812190825/tools/compiler/bin/../lib/gcc/arm-none-eabi/7.3.1/../../../../arm-none-eabi/lib/thumb/v6-m\libc.a
END GROUP
LOAD c:/ac6/systemworkbench/plugins/fr.ac6.mcu.externaltools.arm-none.win32_1.17.0.201812190825/tools/compiler/bin/../lib/gcc/arm-none-eabi/7.3.1/thumb/v6-m/crtend.o
LOAD c:/ac6/systemworkbench/plugins/fr.ac6.mcu.externaltools.arm-none.win32_1.17.0.201812190825/tools/compiler/bin/../lib/gcc/arm-none-eabi/7.3.1/thumb/v6-m/crtn.o
                0x20002000                _estack = 0x20002000
                0x00000000                _Min_Heap_Size = 0x0
                0x00000080                _Min_Stack_Size = 0x80

.isr_vector     0x08000000       0xc4
                0x08000000                . = ALIGN (0x4)
 *(.isr_vector)
 .isr_vector    0x08000000       0xc4 startup/startup_stm32f0xx.o
                0x08000000                g_pfnVectors
                0x080000c4                . = ALIGN (0x4)

.text           0x080000d0     0x3114
                0x080000d0                . = ALIGN (0x4)
 *(.text)
 .text          0x080000d0       0x48 c:/ac6/systemworkbench/plugins/fr.ac6.mcu.externaltools.arm-none.win32_1.17.0.201812190825/tools/compiler/bin/../lib/gcc/arm-none-eabi/7.3.1/thumb/v6-m/crtbegin.o
 .text          0x08000118      0x114 c:/ac6/systemworkbench/plugins/fr.ac6.mcu.externaltools.arm-none.win32_1.17.0.201812190825/tools/compiler/bin/../lib/gcc/arm-none-eabi/7.3.1/thumb/v6-m\libgcc.a(_udivsi3.o)
                0x08000118                __aeabi_uidiv
                0x08000118                __udivsi3
                0x08000224                __aeabi_uidivmod
 .text          0x0800022c        0x4 c:/ac6/systemworkbench/plugins/fr.ac6.mcu.externaltools.arm-none.win32_1.17.0.201812190825/tools/compiler/bin/../lib/gcc/arm-none-eabi/7.3.1/thumb/v6-m\libgcc.a(_dvmd_tls.o)
                0x0800022c                __aeabi_idiv0
                0x0800022c                __aeabi_ldiv0
 *(.text*)
 .text.pvPortMalloc
                0x08000230      0x11c RTOS/src/heap_2.o
                0x08000230                pvPortMalloc
 .text.vPortFree
                0x0800034c       0x74 RTOS/src/heap_2.o
                0x0800034c                vPortFree
 .text.prvHeapInit
                0x080003c0       0x50 RTOS/src/heap_2.o
 .text.vListInitialise
                0x08000410       0x3c RTOS/src/list.o
                0x08000410                vListInitialise
 .text.vListInitialiseItem
                0x0800044c       0x16 RTOS/src/list.o
                0x0800044c                vListInitialiseItem
 .text.vListInsertEnd
                0x08000462       0x44 RTOS/src/list.o
                0x08000462                vListInsertEnd
 .text.vListInsert
                0x080004a6       0x6c RTOS/src/list.o
                0x080004a6                vListInsert
 .text.uxListRemove
                0x08000512       0x50 RTOS/src/list.o
                0x08000512                uxListRemove
 *fill*         0x08000562        0x2 
 .text.pxPortInitialiseStack
                0x08000564       0x54 RTOS/src/port.o
                0x08000564                pxPortInitialiseStack
 .text.prvTaskExitError
                0x080005b8       0x18 RTOS/src/port.o
 .text.vPortStartFirstTask
                0x080005d0       0x38 RTOS/src/port.o
 .text.xPortStartScheduler
                0x08000608       0x44 RTOS/src/port.o
                0x08000608                xPortStartScheduler
 .text.vPortYield
                0x0800064c       0x20 RTOS/src/port.o
                0x0800064c                vPortYield
 .text.vPortEnterCritical
                0x0800066c       0x24 RTOS/src/port.o
                0x0800066c                vPortEnterCritical
 .text.vPortExitCritical
                0x08000690       0x30 RTOS/src/port.o
                0x08000690                vPortExitCritical
 .text.ulSetInterruptMaskFromISR
                0x080006c0        0xc RTOS/src/port.o
                0x080006c0                ulSetInterruptMaskFromISR
 .text.vClearInterruptMaskFromISR
                0x080006cc        0x8 RTOS/src/port.o
                0x080006cc                vClearInterruptMaskFromISR
 *fill*         0x080006d4        0xc 
 .text.PendSV_Handler
                0x080006e0       0x48 RTOS/src/port.o
                0x080006e0                PendSV_Handler
 .text.SysTick_Handler
                0x08000728       0x34 RTOS/src/port.o
                0x08000728                SysTick_Handler
 .text.prvSetupTimerInterrupt
                0x0800075c       0x34 RTOS/src/port.o
 .text.xQueueGenericReset
                0x08000790       0xa8 RTOS/src/queue.o
                0x08000790                xQueueGenericReset
 .text.xQueueGenericCreate
                0x08000838       0x64 RTOS/src/queue.o
                0x08000838                xQueueGenericCreate
 .text.prvInitialiseNewQueue
                0x0800089c       0x4e RTOS/src/queue.o
 .text.xQueueGenericSend
                0x080008ea      0x188 RTOS/src/queue.o
                0x080008ea                xQueueGenericSend
 .text.xQueueGenericSendFromISR
                0x08000a72       0xe2 RTOS/src/queue.o
                0x08000a72                xQueueGenericSendFromISR
 .text.xQueueGenericReceive
                0x08000b54      0x1c8 RTOS/src/queue.o
                0x08000b54                xQueueGenericReceive
 .text.prvCopyDataToQueue
                0x08000d1c       0xd6 RTOS/src/queue.o
 .text.prvCopyDataFromQueue
                0x08000df2       0x4c RTOS/src/queue.o
 .text.prvUnlockQueue
                0x08000e3e       0xbc RTOS/src/queue.o
 .text.prvIsQueueEmpty
                0x08000efa       0x2c RTOS/src/queue.o
 .text.prvIsQueueFull
                0x08000f26       0x30 RTOS/src/queue.o
 *fill*         0x08000f56        0x2 
 .text.vQueueAddToRegistry
                0x08000f58       0x50 RTOS/src/queue.o
                0x08000f58                vQueueAddToRegistry
 .text.vQueueWaitForMessageRestricted
                0x08000fa8       0x66 RTOS/src/queue.o
                0x08000fa8                vQueueWaitForMessageRestricted
 .text.xTaskCreate
                0x0800100e       0x90 RTOS/src/task.o
                0x0800100e                xTaskCreate
 *fill*         0x0800109e        0x2 
 .text.prvInitialiseNewTask
                0x080010a0      0x104 RTOS/src/task.o
 .text.prvAddNewTaskToReadyList
                0x080011a4       0xd0 RTOS/src/task.o
 .text.vTaskDelay
                0x08001274       0x4c RTOS/src/task.o
                0x08001274                vTaskDelay
 .text.vTaskStartScheduler
                0x080012c0       0x78 RTOS/src/task.o
                0x080012c0                vTaskStartScheduler
 .text.vTaskSuspendAll
                0x08001338       0x18 RTOS/src/task.o
                0x08001338                vTaskSuspendAll
 .text.xTaskResumeAll
                0x08001350      0x118 RTOS/src/task.o
                0x08001350                xTaskResumeAll
 .text.xTaskGetTickCount
                0x08001468       0x1c RTOS/src/task.o
                0x08001468                xTaskGetTickCount
 .text.xTaskIncrementTick
                0x08001484      0x168 RTOS/src/task.o
                0x08001484                xTaskIncrementTick
 .text.vTaskSwitchContext
                0x080015ec       0xa4 RTOS/src/task.o
                0x080015ec                vTaskSwitchContext
 .text.vTaskPlaceOnEventList
                0x08001690       0x3c RTOS/src/task.o
                0x08001690                vTaskPlaceOnEventList
 .text.vTaskPlaceOnEventListRestricted
                0x080016cc       0x4c RTOS/src/task.o
                0x080016cc                vTaskPlaceOnEventListRestricted
 .text.xTaskRemoveFromEventList
                0x08001718       0xb8 RTOS/src/task.o
                0x08001718                xTaskRemoveFromEventList
 .text.vTaskSetTimeOutState
                0x080017d0       0x34 RTOS/src/task.o
                0x080017d0                vTaskSetTimeOutState
 .text.xTaskCheckForTimeOut
                0x08001804       0x9c RTOS/src/task.o
                0x08001804                xTaskCheckForTimeOut
 .text.vTaskMissedYield
                0x080018a0       0x14 RTOS/src/task.o
                0x080018a0                vTaskMissedYield
 .text.prvIdleTask
                0x080018b4       0x20 RTOS/src/task.o
 .text.prvInitialiseTaskLists
                0x080018d4       0x88 RTOS/src/task.o
 .text.prvCheckTasksWaitingTermination
                0x0800195c       0x74 RTOS/src/task.o
 .text.prvDeleteTCB
                0x080019d0       0x22 RTOS/src/task.o
 *fill*         0x080019f2        0x2 
 .text.prvResetNextTaskUnblockTime
                0x080019f4       0x48 RTOS/src/task.o
 .text.xTaskGetSchedulerState
                0x08001a3c       0x38 RTOS/src/task.o
                0x08001a3c                xTaskGetSchedulerState
 .text.vTaskPriorityInherit
                0x08001a74       0xbc RTOS/src/task.o
                0x08001a74                vTaskPriorityInherit
 .text.xTaskPriorityDisinherit
                0x08001b30       0xb8 RTOS/src/task.o
                0x08001b30                xTaskPriorityDisinherit
 .text.pvTaskIncrementMutexHeldCount
                0x08001be8       0x24 RTOS/src/task.o
                0x08001be8                pvTaskIncrementMutexHeldCount
 .text.xTaskGenericNotify
                0x08001c0c      0x118 RTOS/src/task.o
                0x08001c0c                xTaskGenericNotify
 .text.xTaskGenericNotifyFromISR
                0x08001d24      0x154 RTOS/src/task.o
                0x08001d24                xTaskGenericNotifyFromISR
 .text.prvAddCurrentTaskToDelayedList
                0x08001e78       0xa8 RTOS/src/task.o
 .text.xTimerCreateTimerTask
                0x08001f20       0x54 RTOS/src/timers.o
                0x08001f20                xTimerCreateTimerTask
 .text.xTimerGenericCommand
                0x08001f74       0x98 RTOS/src/timers.o
                0x08001f74                xTimerGenericCommand
 .text.prvProcessExpiredTimer
                0x0800200c       0x70 RTOS/src/timers.o
 .text.prvTimerTask
                0x0800207c       0x28 RTOS/src/timers.o
 .text.prvProcessTimerOrBlockTask
                0x080020a4       0x8c RTOS/src/timers.o
 .text.prvGetNextExpireTime
                0x08002130       0x40 RTOS/src/timers.o
 .text.prvSampleTimeNow
                0x08002170       0x40 RTOS/src/timers.o
 .text.prvInsertTimerInActiveList
                0x080021b0       0x84 RTOS/src/timers.o
 .text.prvProcessReceivedCommands
                0x08002234       0xfc RTOS/src/timers.o
 .text.prvSwitchTimerLists
                0x08002330       0xb4 RTOS/src/timers.o
 .text.prvCheckForValidListAndQueue
                0x080023e4       0x74 RTOS/src/timers.o
 .text.GPIO_Init
                0x08002458      0x126 StdPeriph_Driver/src/stm32f0xx_gpio.o
                0x08002458                GPIO_Init
 *fill*         0x0800257e        0x2 
 .text.GPIO_StructInit
                0x08002580       0x34 StdPeriph_Driver/src/stm32f0xx_gpio.o
                0x08002580                GPIO_StructInit
 .text.RCC_AHBPeriphClockCmd
                0x080025b4       0x40 StdPeriph_Driver/src/stm32f0xx_rcc.o
                0x080025b4                RCC_AHBPeriphClockCmd
 .text.DeInitBuffer
                0x080025f4       0x2e src/ADC.o
 *fill*         0x08002622        0x2 
 .text.ADC_Calibration
                0x08002624       0x34 src/ADC.o
 .text.init_GPIO
                0x08002658       0x4e src/ADC.o
 *fill*         0x080026a6        0x2 
 .text.init_ADC
                0x080026a8       0x4c src/ADC.o
 .text.init_DMA
                0x080026f4       0x64 src/ADC.o
 .text.initADC  0x08002758       0x34 src/ADC.o
                0x08002758                initADC
 .text.Buffer_init
                0x0800278c       0x30 src/Buffer.o
                0x0800278c                Buffer_init
 .text.CharBuffer_add
                0x080027bc       0x84 src/Buffer.o
                0x080027bc                CharBuffer_add
 .text.CharBuffer_init
                0x08002840       0x28 src/Buffer.o
                0x08002840                CharBuffer_init
 .text.CharBuffer_to_Buffer
                0x08002868      0x130 src/Buffer.o
                0x08002868                CharBuffer_to_Buffer
 .text.NVIC_EnableIRQ
                0x08002998       0x2c src/USART.o
 .text.NVIC_ClearPendingIRQ
                0x080029c4       0x34 src/USART.o
 .text.NVIC_SetPriority
                0x080029f8       0xdc src/USART.o
 .text.Configure_GPIO
                0x08002ad4       0x40 src/USART.o
 .text.Configure_USART
                0x08002b14       0x6c src/USART.o
 .text.initUSART
                0x08002b80       0x2c src/USART.o
                0x08002b80                initUSART
 .text.USART1_IRQHandler
                0x08002bac       0xb8 src/USART.o
                0x08002bac                USART1_IRQHandler
 .text.blinkyTask
                0x08002c64       0x74 src/main.o
                0x08002c64                blinkyTask
 .text.vGeneralTaskInit
                0x08002cd8       0x28 src/main.o
                0x08002cd8                vGeneralTaskInit
 .text.main     0x08002d00       0x1c src/main.o
                0x08002d00                main
 .text.SystemInit
                0x08002d1c       0x8c src/system_stm32f0xx.o
                0x08002d1c                SystemInit
 .text.SetSysClock
                0x08002da8       0x94 src/system_stm32f0xx.o
 .text.Reset_Handler
                0x08002e3c       0x50 startup/startup_stm32f0xx.o
                0x08002e3c                Reset_Handler
 .text.Default_Handler
                0x08002e8c        0x2 startup/startup_stm32f0xx.o
                0x08002e8c                TIM1_CC_IRQHandler
                0x08002e8c                HardFault_Handler
                0x08002e8c                ADC1_COMP_IRQHandler
                0x08002e8c                PVD_IRQHandler
                0x08002e8c                NMI_Handler
                0x08002e8c                I2C1_IRQHandler
                0x08002e8c                SPI1_IRQHandler
                0x08002e8c                TIM6_DAC_IRQHandler
                0x08002e8c                EXTI2_3_IRQHandler
                0x08002e8c                I2C2_IRQHandler
                0x08002e8c                TIM17_IRQHandler
                0x08002e8c                RTC_IRQHandler
                0x08002e8c                TIM16_IRQHandler
                0x08002e8c                TIM3_IRQHandler
                0x08002e8c                EXTI4_15_IRQHandler
                0x08002e8c                RCC_IRQHandler
                0x08002e8c                DMA1_Channel1_IRQHandler
                0x08002e8c                Default_Handler
                0x08002e8c                CEC_IRQHandler
                0x08002e8c                TIM14_IRQHandler
                0x08002e8c                DMA1_Channel4_5_IRQHandler
                0x08002e8c                TIM15_IRQHandler
                0x08002e8c                EXTI0_1_IRQHandler
                0x08002e8c                SPI2_IRQHandler
                0x08002e8c                SVC_Handler
                0x08002e8c                TS_IRQHandler
                0x08002e8c                WWDG_IRQHandler
                0x08002e8c                TIM2_IRQHandler
                0x08002e8c                DMA1_Channel2_3_IRQHandler
                0x08002e8c                USART2_IRQHandler
                0x08002e8c                FLASH_IRQHandler
                0x08002e8c                TIM1_BRK_UP_TRG_COM_IRQHandler
 *fill*         0x08002e8e        0x2 
 .text.__libc_init_array
                0x08002e90       0x48 c:/ac6/systemworkbench/plugins/fr.ac6.mcu.externaltools.arm-none.win32_1.17.0.201812190825/tools/compiler/bin/../lib/gcc/arm-none-eabi/7.3.1/../../../../arm-none-eabi/lib/thumb/v6-m\libc.a(lib_a-init.o)
                0x08002e90                __libc_init_array
 .text.memcpy   0x08002ed8       0x88 c:/ac6/systemworkbench/plugins/fr.ac6.mcu.externaltools.arm-none.win32_1.17.0.201812190825/tools/compiler/bin/../lib/gcc/arm-none-eabi/7.3.1/../../../../arm-none-eabi/lib/thumb/v6-m\libc.a(lib_a-memcpy-stub.o)
                0x08002ed8                memcpy
 .text.memset   0x08002f60       0x9c c:/ac6/systemworkbench/plugins/fr.ac6.mcu.externaltools.arm-none.win32_1.17.0.201812190825/tools/compiler/bin/../lib/gcc/arm-none-eabi/7.3.1/../../../../arm-none-eabi/lib/thumb/v6-m\libc.a(lib_a-memset.o)
                0x08002f60                memset
 .text.startup.register_fini
                0x08002ffc       0x18 c:/ac6/systemworkbench/plugins/fr.ac6.mcu.externaltools.arm-none.win32_1.17.0.201812190825/tools/compiler/bin/../lib/gcc/arm-none-eabi/7.3.1/../../../../arm-none-eabi/lib/thumb/v6-m\libc.a(lib_a-__call_atexit.o)
 .text.atexit   0x08003014       0x10 c:/ac6/systemworkbench/plugins/fr.ac6.mcu.externaltools.arm-none.win32_1.17.0.201812190825/tools/compiler/bin/../lib/gcc/arm-none-eabi/7.3.1/../../../../arm-none-eabi/lib/thumb/v6-m\libc.a(lib_a-atexit.o)
                0x08003014                atexit
 .text.__libc_fini_array
                0x08003024       0x34 c:/ac6/systemworkbench/plugins/fr.ac6.mcu.externaltools.arm-none.win32_1.17.0.201812190825/tools/compiler/bin/../lib/gcc/arm-none-eabi/7.3.1/../../../../arm-none-eabi/lib/thumb/v6-m\libc.a(lib_a-fini.o)
                0x08003024                __libc_fini_array
 .text.__retarget_lock_acquire_recursive
                0x08003058        0x4 c:/ac6/systemworkbench/plugins/fr.ac6.mcu.externaltools.arm-none.win32_1.17.0.201812190825/tools/compiler/bin/../lib/gcc/arm-none-eabi/7.3.1/../../../../arm-none-eabi/lib/thumb/v6-m\libc.a(lib_a-lock.o)
                0x08003058                __retarget_lock_acquire_recursive
 .text.__retarget_lock_release_recursive
                0x0800305c        0x4 c:/ac6/systemworkbench/plugins/fr.ac6.mcu.externaltools.arm-none.win32_1.17.0.201812190825/tools/compiler/bin/../lib/gcc/arm-none-eabi/7.3.1/../../../../arm-none-eabi/lib/thumb/v6-m\libc.a(lib_a-lock.o)
                0x0800305c                __retarget_lock_release_recursive
 .text.__register_exitproc
                0x08003060       0xf4 c:/ac6/systemworkbench/plugins/fr.ac6.mcu.externaltools.arm-none.win32_1.17.0.201812190825/tools/compiler/bin/../lib/gcc/arm-none-eabi/7.3.1/../../../../arm-none-eabi/lib/thumb/v6-m\libc.a(lib_a-__atexit.o)
                0x08003060                __register_exitproc
 *(.rodata)
 .rodata        0x08003154       0x30 RTOS/src/task.o
 .rodata        0x08003184       0x35 RTOS/src/timers.o
 *fill*         0x080031b9        0x3 
 .rodata        0x080031bc        0xb src/main.o
 *(.rodata*)
 *fill*         0x080031c7        0x1 
 .rodata._global_impure_ptr
                0x080031c8        0x4 c:/ac6/systemworkbench/plugins/fr.ac6.mcu.externaltools.arm-none.win32_1.17.0.201812190825/tools/compiler/bin/../lib/gcc/arm-none-eabi/7.3.1/../../../../arm-none-eabi/lib/thumb/v6-m\libc.a(lib_a-impure.o)
                0x080031c8                _global_impure_ptr
 *(.glue_7)
 .glue_7        0x080031cc        0x0 linker stubs
 *(.glue_7t)
 .glue_7t       0x080031cc        0x0 linker stubs
 *(.eh_frame)
 .eh_frame      0x080031cc        0x0 c:/ac6/systemworkbench/plugins/fr.ac6.mcu.externaltools.arm-none.win32_1.17.0.201812190825/tools/compiler/bin/../lib/gcc/arm-none-eabi/7.3.1/thumb/v6-m/crtbegin.o
 *(.init)
 .init          0x080031cc        0x4 c:/ac6/systemworkbench/plugins/fr.ac6.mcu.externaltools.arm-none.win32_1.17.0.201812190825/tools/compiler/bin/../lib/gcc/arm-none-eabi/7.3.1/thumb/v6-m/crti.o
                0x080031cc                _init
 .init          0x080031d0        0x8 c:/ac6/systemworkbench/plugins/fr.ac6.mcu.externaltools.arm-none.win32_1.17.0.201812190825/tools/compiler/bin/../lib/gcc/arm-none-eabi/7.3.1/thumb/v6-m/crtn.o
 *(.fini)
 .fini          0x080031d8        0x4 c:/ac6/systemworkbench/plugins/fr.ac6.mcu.externaltools.arm-none.win32_1.17.0.201812190825/tools/compiler/bin/../lib/gcc/arm-none-eabi/7.3.1/thumb/v6-m/crti.o
                0x080031d8                _fini
 .fini          0x080031dc        0x8 c:/ac6/systemworkbench/plugins/fr.ac6.mcu.externaltools.arm-none.win32_1.17.0.201812190825/tools/compiler/bin/../lib/gcc/arm-none-eabi/7.3.1/thumb/v6-m/crtn.o
                0x080031e4                . = ALIGN (0x4)
                0x080031e4                _etext = .

.vfp11_veneer   0x080031e4        0x0
 .vfp11_veneer  0x080031e4        0x0 linker stubs

.v4_bx          0x080031e4        0x0
 .v4_bx         0x080031e4        0x0 linker stubs

.iplt           0x080031e4        0x0
 .iplt          0x080031e4        0x0 c:/ac6/systemworkbench/plugins/fr.ac6.mcu.externaltools.arm-none.win32_1.17.0.201812190825/tools/compiler/bin/../lib/gcc/arm-none-eabi/7.3.1/thumb/v6-m/crtbegin.o

.rel.dyn        0x080031e4        0x0
 .rel.iplt      0x080031e4        0x0 c:/ac6/systemworkbench/plugins/fr.ac6.mcu.externaltools.arm-none.win32_1.17.0.201812190825/tools/compiler/bin/../lib/gcc/arm-none-eabi/7.3.1/thumb/v6-m/crtbegin.o

.ARM.extab
 *(.ARM.extab* .gnu.linkonce.armextab.*)

.ARM            0x080031e4        0x0
                0x080031e4                __exidx_start = .
 *(.ARM.exidx*)
                0x080031e4                __exidx_end = .

.preinit_array  0x080031e4        0x0
                0x080031e4                PROVIDE (__preinit_array_start = .)
 *(.preinit_array*)
                0x080031e4                PROVIDE (__preinit_array_end = .)

.init_array     0x080031e4        0x8
                0x080031e4                PROVIDE (__init_array_start = .)
 *(SORT_BY_NAME(.init_array.*))
 .init_array.00000
                0x080031e4        0x4 c:/ac6/systemworkbench/plugins/fr.ac6.mcu.externaltools.arm-none.win32_1.17.0.201812190825/tools/compiler/bin/../lib/gcc/arm-none-eabi/7.3.1/../../../../arm-none-eabi/lib/thumb/v6-m\libc.a(lib_a-__call_atexit.o)
 *(.init_array*)
 .init_array    0x080031e8        0x4 c:/ac6/systemworkbench/plugins/fr.ac6.mcu.externaltools.arm-none.win32_1.17.0.201812190825/tools/compiler/bin/../lib/gcc/arm-none-eabi/7.3.1/thumb/v6-m/crtbegin.o
                0x080031ec                PROVIDE (__init_array_end = .)

.fini_array     0x080031ec        0x4
                0x080031ec                PROVIDE (__fini_array_start = .)
 *(SORT_BY_NAME(.fini_array.*))
 *(.fini_array*)
 .fini_array    0x080031ec        0x4 c:/ac6/systemworkbench/plugins/fr.ac6.mcu.externaltools.arm-none.win32_1.17.0.201812190825/tools/compiler/bin/../lib/gcc/arm-none-eabi/7.3.1/thumb/v6-m/crtbegin.o
                0x080031f0                PROVIDE (__fini_array_end = .)
                0x080031f0                _sidata = LOADADDR (.data)

.data           0x20000000      0x44c load address 0x080031f0
                0x20000000                . = ALIGN (0x4)
                0x20000000                _sdata = .
 *(.data)
 .data          0x20000000        0x4 RTOS/src/heap_2.o
 .data          0x20000004        0x4 RTOS/src/port.o
 .data          0x20000008       0x14 src/system_stm32f0xx.o
                0x20000008                SystemCoreClock
                0x2000000c                AHBPrescTable
 *(.data*)
 *fill*         0x2000001c        0x4 
 .data.impure_data
                0x20000020      0x428 c:/ac6/systemworkbench/plugins/fr.ac6.mcu.externaltools.arm-none.win32_1.17.0.201812190825/tools/compiler/bin/../lib/gcc/arm-none-eabi/7.3.1/../../../../arm-none-eabi/lib/thumb/v6-m\libc.a(lib_a-impure.o)
 .data.__atexit_recursive_mutex
                0x20000448        0x4 c:/ac6/systemworkbench/plugins/fr.ac6.mcu.externaltools.arm-none.win32_1.17.0.201812190825/tools/compiler/bin/../lib/gcc/arm-none-eabi/7.3.1/../../../../arm-none-eabi/lib/thumb/v6-m\libc.a(lib_a-__call_atexit.o)
                0x20000448                __atexit_recursive_mutex
                0x2000044c                . = ALIGN (0x4)
                0x2000044c                _edata = .

.igot.plt       0x2000044c        0x0 load address 0x0800363c
 .igot.plt      0x2000044c        0x0 c:/ac6/systemworkbench/plugins/fr.ac6.mcu.externaltools.arm-none.win32_1.17.0.201812190825/tools/compiler/bin/../lib/gcc/arm-none-eabi/7.3.1/thumb/v6-m/crtbegin.o
                0x2000044c                . = ALIGN (0x4)

.bss            0x2000044c     0x12a4 load address 0x0800363c
                0x2000044c                _sbss = .
                0x2000044c                __bss_start__ = _sbss
 *(.bss)
 .bss           0x2000044c       0x1c c:/ac6/systemworkbench/plugins/fr.ac6.mcu.externaltools.arm-none.win32_1.17.0.201812190825/tools/compiler/bin/../lib/gcc/arm-none-eabi/7.3.1/thumb/v6-m/crtbegin.o
 .bss           0x20000468     0x107c RTOS/src/heap_2.o
 .bss           0x200014e4      0x104 RTOS/src/task.o
                0x200014e4                pxCurrentTCB
 .bss           0x200015e8       0x3c RTOS/src/timers.o
 *(.bss*)
 *(COMMON)
 COMMON         0x20001624       0x40 RTOS/src/queue.o
                0x20001624                xQueueRegistry
 COMMON         0x20001664       0x10 src/ADC.o
                0x20001664                ADC_Buffer
 COMMON         0x20001674       0x58 src/USART.o
                0x20001674                Word
                0x20001680                Buffer
 COMMON         0x200016cc       0x21 c:/ac6/systemworkbench/plugins/fr.ac6.mcu.externaltools.arm-none.win32_1.17.0.201812190825/tools/compiler/bin/../lib/gcc/arm-none-eabi/7.3.1/../../../../arm-none-eabi/lib/thumb/v6-m\libc.a(lib_a-lock.o)
                0x200016cc                __lock___atexit_recursive_mutex
                0x200016d0                __lock___arc4random_mutex
                0x200016d4                __lock___env_recursive_mutex
                0x200016d8                __lock___sinit_recursive_mutex
                0x200016dc                __lock___malloc_recursive_mutex
                0x200016e0                __lock___at_quick_exit_mutex
                0x200016e4                __lock___dd_hash_mutex
                0x200016e8                __lock___tz_mutex
                0x200016ec                __lock___sfp_recursive_mutex
                0x200016f0                . = ALIGN (0x4)
 *fill*         0x200016ed        0x3 
                0x200016f0                _ebss = .
                0x200016f0                __bss_end__ = _ebss

._user_heap_stack
                0x200016f0       0x80 load address 0x0800363c
                0x200016f0                . = ALIGN (0x8)
                0x200016f0                PROVIDE (end = .)
                [!provide]                PROVIDE (_end = .)
                0x200016f0                . = (. + _Min_Heap_Size)
                0x20001770                . = (. + _Min_Stack_Size)
 *fill*         0x200016f0       0x80 
                0x20001770                . = ALIGN (0x8)

.ARM.attributes
                0x00000000       0x28
 *(.ARM.attributes)
 .ARM.attributes
                0x00000000       0x1e c:/ac6/systemworkbench/plugins/fr.ac6.mcu.externaltools.arm-none.win32_1.17.0.201812190825/tools/compiler/bin/../lib/gcc/arm-none-eabi/7.3.1/thumb/v6-m/crti.o
 .ARM.attributes
                0x0000001e       0x2c c:/ac6/systemworkbench/plugins/fr.ac6.mcu.externaltools.arm-none.win32_1.17.0.201812190825/tools/compiler/bin/../lib/gcc/arm-none-eabi/7.3.1/thumb/v6-m/crtbegin.o
 .ARM.attributes
                0x0000004a       0x31 RTOS/src/heap_2.o
 .ARM.attributes
                0x0000007b       0x31 RTOS/src/list.o
 .ARM.attributes
                0x000000ac       0x31 RTOS/src/port.o
 .ARM.attributes
                0x000000dd       0x31 RTOS/src/queue.o
 .ARM.attributes
                0x0000010e       0x31 RTOS/src/task.o
 .ARM.attributes
                0x0000013f       0x31 RTOS/src/timers.o
 .ARM.attributes
                0x00000170       0x31 StdPeriph_Driver/src/stm32f0xx_gpio.o
 .ARM.attributes
                0x000001a1       0x31 StdPeriph_Driver/src/stm32f0xx_rcc.o
 .ARM.attributes
                0x000001d2       0x31 src/ADC.o
 .ARM.attributes
                0x00000203       0x31 src/Buffer.o
 .ARM.attributes
                0x00000234       0x31 src/USART.o
 .ARM.attributes
                0x00000265       0x31 src/main.o
 .ARM.attributes
                0x00000296       0x31 src/system_stm32f0xx.o
 .ARM.attributes
                0x000002c7       0x21 startup/startup_stm32f0xx.o
 .ARM.attributes
                0x000002e8       0x1e c:/ac6/systemworkbench/plugins/fr.ac6.mcu.externaltools.arm-none.win32_1.17.0.201812190825/tools/compiler/bin/../lib/gcc/arm-none-eabi/7.3.1/thumb/v6-m\libgcc.a(_udivsi3.o)
 .ARM.attributes
                0x00000306       0x1e c:/ac6/systemworkbench/plugins/fr.ac6.mcu.externaltools.arm-none.win32_1.17.0.201812190825/tools/compiler/bin/../lib/gcc/arm-none-eabi/7.3.1/thumb/v6-m\libgcc.a(_dvmd_tls.o)
 .ARM.attributes
                0x00000324       0x2c c:/ac6/systemworkbench/plugins/fr.ac6.mcu.externaltools.arm-none.win32_1.17.0.201812190825/tools/compiler/bin/../lib/gcc/arm-none-eabi/7.3.1/../../../../arm-none-eabi/lib/thumb/v6-m\libc.a(lib_a-impure.o)
 .ARM.attributes
                0x00000350       0x2c c:/ac6/systemworkbench/plugins/fr.ac6.mcu.externaltools.arm-none.win32_1.17.0.201812190825/tools/compiler/bin/../lib/gcc/arm-none-eabi/7.3.1/../../../../arm-none-eabi/lib/thumb/v6-m\libc.a(lib_a-init.o)
 .ARM.attributes
                0x0000037c       0x2c c:/ac6/systemworkbench/plugins/fr.ac6.mcu.externaltools.arm-none.win32_1.17.0.201812190825/tools/compiler/bin/../lib/gcc/arm-none-eabi/7.3.1/../../../../arm-none-eabi/lib/thumb/v6-m\libc.a(lib_a-memcpy-stub.o)
 .ARM.attributes
                0x000003a8       0x2c c:/ac6/systemworkbench/plugins/fr.ac6.mcu.externaltools.arm-none.win32_1.17.0.201812190825/tools/compiler/bin/../lib/gcc/arm-none-eabi/7.3.1/../../../../arm-none-eabi/lib/thumb/v6-m\libc.a(lib_a-memset.o)
 .ARM.attributes
                0x000003d4       0x2c c:/ac6/systemworkbench/plugins/fr.ac6.mcu.externaltools.arm-none.win32_1.17.0.201812190825/tools/compiler/bin/../lib/gcc/arm-none-eabi/7.3.1/../../../../arm-none-eabi/lib/thumb/v6-m\libc.a(lib_a-__call_atexit.o)
 .ARM.attributes
                0x00000400       0x2c c:/ac6/systemworkbench/plugins/fr.ac6.mcu.externaltools.arm-none.win32_1.17.0.201812190825/tools/compiler/bin/../lib/gcc/arm-none-eabi/7.3.1/../../../../arm-none-eabi/lib/thumb/v6-m\libc.a(lib_a-atexit.o)
 .ARM.attributes
                0x0000042c       0x2c c:/ac6/systemworkbench/plugins/fr.ac6.mcu.externaltools.arm-none.win32_1.17.0.201812190825/tools/compiler/bin/../lib/gcc/arm-none-eabi/7.3.1/../../../../arm-none-eabi/lib/thumb/v6-m\libc.a(lib_a-fini.o)
 .ARM.attributes
                0x00000458       0x2c c:/ac6/systemworkbench/plugins/fr.ac6.mcu.externaltools.arm-none.win32_1.17.0.201812190825/tools/compiler/bin/../lib/gcc/arm-none-eabi/7.3.1/../../../../arm-none-eabi/lib/thumb/v6-m\libc.a(lib_a-lock.o)
 .ARM.attributes
                0x00000484       0x2c c:/ac6/systemworkbench/plugins/fr.ac6.mcu.externaltools.arm-none.win32_1.17.0.201812190825/tools/compiler/bin/../lib/gcc/arm-none-eabi/7.3.1/../../../../arm-none-eabi/lib/thumb/v6-m\libc.a(lib_a-__atexit.o)
 .ARM.attributes
                0x000004b0       0x1e c:/ac6/systemworkbench/plugins/fr.ac6.mcu.externaltools.arm-none.win32_1.17.0.201812190825/tools/compiler/bin/../lib/gcc/arm-none-eabi/7.3.1/thumb/v6-m/crtn.o
OUTPUT(Power_Board.elf elf32-littlearm)

.debug_info     0x00000000     0x9d1e
 .debug_info    0x00000000      0xb0b RTOS/src/heap_2.o
 .debug_info    0x00000b0b      0xad0 RTOS/src/list.o
 .debug_info    0x000015db      0x241 RTOS/src/port.o
 .debug_info    0x0000181c     0x163c RTOS/src/queue.o
 .debug_info    0x00002e58     0x1eab RTOS/src/task.o
 .debug_info    0x00004d03     0x1178 RTOS/src/timers.o
 .debug_info    0x00005e7b      0x5f8 StdPeriph_Driver/src/stm32f0xx_gpio.o
 .debug_info    0x00006473      0x9b8 StdPeriph_Driver/src/stm32f0xx_rcc.o
 .debug_info    0x00006e2b      0x5ad src/ADC.o
 .debug_info    0x000073d8      0xc03 src/Buffer.o
 .debug_info    0x00007fdb      0xfd3 src/USART.o
 .debug_info    0x00008fae      0xa79 src/main.o
 .debug_info    0x00009a27      0x2d5 src/system_stm32f0xx.o
 .debug_info    0x00009cfc       0x22 startup/startup_stm32f0xx.o

.debug_abbrev   0x00000000     0x1c5f
 .debug_abbrev  0x00000000      0x26d RTOS/src/heap_2.o
 .debug_abbrev  0x0000026d      0x1fe RTOS/src/list.o
 .debug_abbrev  0x0000046b      0x185 RTOS/src/port.o
 .debug_abbrev  0x000005f0      0x2a8 RTOS/src/queue.o
 .debug_abbrev  0x00000898      0x339 RTOS/src/task.o
 .debug_abbrev  0x00000bd1      0x2a7 RTOS/src/timers.o
 .debug_abbrev  0x00000e78      0x18e StdPeriph_Driver/src/stm32f0xx_gpio.o
 .debug_abbrev  0x00001006      0x206 StdPeriph_Driver/src/stm32f0xx_rcc.o
 .debug_abbrev  0x0000120c      0x1cc src/ADC.o
 .debug_abbrev  0x000013d8      0x25b src/Buffer.o
 .debug_abbrev  0x00001633      0x2b4 src/USART.o
 .debug_abbrev  0x000018e7      0x22e src/main.o
 .debug_abbrev  0x00001b15      0x138 src/system_stm32f0xx.o
 .debug_abbrev  0x00001c4d       0x12 startup/startup_stm32f0xx.o

.debug_aranges  0x00000000      0x810
 .debug_aranges
                0x00000000       0x40 RTOS/src/heap_2.o
 .debug_aranges
                0x00000040       0x40 RTOS/src/list.o
 .debug_aranges
                0x00000080       0x80 RTOS/src/port.o
 .debug_aranges
                0x00000100      0x118 RTOS/src/queue.o
 .debug_aranges
                0x00000218      0x1d8 RTOS/src/task.o
 .debug_aranges
                0x000003f0       0xb8 RTOS/src/timers.o
 .debug_aranges
                0x000004a8       0x80 StdPeriph_Driver/src/stm32f0xx_gpio.o
 .debug_aranges
                0x00000528      0x150 StdPeriph_Driver/src/stm32f0xx_rcc.o
 .debug_aranges
                0x00000678       0x50 src/ADC.o
 .debug_aranges
                0x000006c8       0x70 src/Buffer.o
 .debug_aranges
                0x00000738       0x50 src/USART.o
 .debug_aranges
                0x00000788       0x30 src/main.o
 .debug_aranges
                0x000007b8       0x30 src/system_stm32f0xx.o
 .debug_aranges
                0x000007e8       0x28 startup/startup_stm32f0xx.o

.debug_ranges   0x00000000      0x738
 .debug_ranges  0x00000000       0x30 RTOS/src/heap_2.o
 .debug_ranges  0x00000030       0x30 RTOS/src/list.o
 .debug_ranges  0x00000060       0x70 RTOS/src/port.o
 .debug_ranges  0x000000d0      0x108 RTOS/src/queue.o
 .debug_ranges  0x000001d8      0x1c8 RTOS/src/task.o
 .debug_ranges  0x000003a0       0xa8 RTOS/src/timers.o
 .debug_ranges  0x00000448       0x70 StdPeriph_Driver/src/stm32f0xx_gpio.o
 .debug_ranges  0x000004b8      0x140 StdPeriph_Driver/src/stm32f0xx_rcc.o
 .debug_ranges  0x000005f8       0x40 src/ADC.o
 .debug_ranges  0x00000638       0x60 src/Buffer.o
 .debug_ranges  0x00000698       0x40 src/USART.o
 .debug_ranges  0x000006d8       0x20 src/main.o
 .debug_ranges  0x000006f8       0x20 src/system_stm32f0xx.o
 .debug_ranges  0x00000718       0x20 startup/startup_stm32f0xx.o

.debug_macro    0x00000000     0x2933
 .debug_macro   0x00000000      0x1a9 RTOS/src/heap_2.o
 .debug_macro   0x000001a9      0x17b RTOS/src/list.o
 .debug_macro   0x00000324      0x11f RTOS/src/port.o
 .debug_macro   0x00000443      0x201 RTOS/src/queue.o
 .debug_macro   0x00000644       0x16 RTOS/src/queue.o
 .debug_macro   0x0000065a       0x35 RTOS/src/queue.o
 .debug_macro   0x0000068f       0x94 RTOS/src/queue.o
 .debug_macro   0x00000723      0x26f RTOS/src/task.o
 .debug_macro   0x00000992       0x11 RTOS/src/task.o
 .debug_macro   0x000009a3      0x1b8 RTOS/src/timers.o
 .debug_macro   0x00000b5b      0x17c StdPeriph_Driver/src/stm32f0xx_gpio.o
 .debug_macro   0x00000cd7      0x17f StdPeriph_Driver/src/stm32f0xx_gpio.o
 .debug_macro   0x00000e56      0x196 StdPeriph_Driver/src/stm32f0xx_rcc.o
 .debug_macro   0x00000fec      0x446 StdPeriph_Driver/src/stm32f0xx_rcc.o
 .debug_macro   0x00001432      0x177 src/ADC.o
 .debug_macro   0x000015a9       0x10 src/ADC.o
 .debug_macro   0x000015b9      0x26c src/Buffer.o
 .debug_macro   0x00001825       0x10 src/Buffer.o
 .debug_macro   0x00001835       0x10 src/Buffer.o
 .debug_macro   0x00001845      0x242 src/USART.o
 .debug_macro   0x00001a87       0x16 src/USART.o
 .debug_macro   0x00001a9d      0x39a src/main.o
 .debug_macro   0x00001e37       0x16 src/main.o
 .debug_macro   0x00001e4d       0x97 src/main.o
 .debug_macro   0x00001ee4       0xfd src/main.o
 .debug_macro   0x00001fe1       0x10 src/main.o
 .debug_macro   0x00001ff1       0x10 src/main.o
 .debug_macro   0x00002001       0x1c src/main.o
 .debug_macro   0x0000201d       0x52 src/main.o
 .debug_macro   0x0000206f       0x40 src/main.o
 .debug_macro   0x000020af       0x10 src/main.o
 .debug_macro   0x000020bf       0x40 src/main.o
 .debug_macro   0x000020ff       0xd7 src/main.o
 .debug_macro   0x000021d6       0x1c src/main.o
 .debug_macro   0x000021f2       0x3d src/main.o
 .debug_macro   0x0000222f       0x16 src/main.o
 .debug_macro   0x00002245      0x16f src/main.o
 .debug_macro   0x000023b4      0x2d4 src/main.o
 .debug_macro   0x00002688      0x137 src/main.o
 .debug_macro   0x000027bf      0x174 src/system_stm32f0xx.o

.debug_line     0x00000000     0x61dd
 .debug_line    0x00000000      0x4d4 RTOS/src/heap_2.o
 .debug_line    0x000004d4      0x493 RTOS/src/list.o
 .debug_line    0x00000967      0x4b3 RTOS/src/port.o
 .debug_line    0x00000e1a      0xa80 RTOS/src/queue.o
 .debug_line    0x0000189a      0xf1c RTOS/src/task.o
 .debug_line    0x000027b6      0x6d3 RTOS/src/timers.o
 .debug_line    0x00002e89      0x6d2 StdPeriph_Driver/src/stm32f0xx_gpio.o
 .debug_line    0x0000355b      0x902 StdPeriph_Driver/src/stm32f0xx_rcc.o
 .debug_line    0x00003e5d      0x64c src/ADC.o
 .debug_line    0x000044a9      0x784 src/Buffer.o
 .debug_line    0x00004c2d      0x725 src/USART.o
 .debug_line    0x00005352      0x827 src/main.o
 .debug_line    0x00005b79      0x5e3 src/system_stm32f0xx.o
 .debug_line    0x0000615c       0x81 startup/startup_stm32f0xx.o

.debug_str      0x00000000    0x390f3
 .debug_str     0x00000000     0xa066 RTOS/src/heap_2.o
                               0xa2ca (size before relaxing)
 .debug_str     0x0000a066      0x12a RTOS/src/list.o
                               0x9aa0 (size before relaxing)
 .debug_str     0x0000a190      0x381 RTOS/src/port.o
                               0x7683 (size before relaxing)
 .debug_str     0x0000a511      0xf8e RTOS/src/queue.o
                               0xb01a (size before relaxing)
 .debug_str     0x0000b49f     0x1a51 RTOS/src/task.o
                               0xbc07 (size before relaxing)
 .debug_str     0x0000cef0      0x40c RTOS/src/timers.o
                               0xb492 (size before relaxing)
 .debug_str     0x0000d2fc    0x28369 StdPeriph_Driver/src/stm32f0xx_gpio.o
                              0x2bf40 (size before relaxing)
 .debug_str     0x00035665      0x619 StdPeriph_Driver/src/stm32f0xx_rcc.o
                              0x2c297 (size before relaxing)
 .debug_str     0x00035c7e      0x1a4 src/ADC.o
                              0x2bfa9 (size before relaxing)
 .debug_str     0x00035e22      0x109 src/Buffer.o
                              0x2ed06 (size before relaxing)
 .debug_str     0x00035f2b      0x2ce src/USART.o
                              0x2eee0 (size before relaxing)
 .debug_str     0x000361f9     0x2e1a src/main.o
                              0x34e32 (size before relaxing)
 .debug_str     0x00039013       0x7b src/system_stm32f0xx.o
                              0x2bd20 (size before relaxing)
 .debug_str     0x0003908e       0x65 startup/startup_stm32f0xx.o

.comment        0x00000000       0x7f
 .comment       0x00000000       0x7f RTOS/src/heap_2.o
                                 0x80 (size before relaxing)
 .comment       0x0000007f       0x80 RTOS/src/list.o
 .comment       0x0000007f       0x80 RTOS/src/port.o
 .comment       0x0000007f       0x80 RTOS/src/queue.o
 .comment       0x0000007f       0x80 RTOS/src/task.o
 .comment       0x0000007f       0x80 RTOS/src/timers.o
 .comment       0x0000007f       0x80 StdPeriph_Driver/src/stm32f0xx_gpio.o
 .comment       0x0000007f       0x80 StdPeriph_Driver/src/stm32f0xx_rcc.o
 .comment       0x0000007f       0x80 src/ADC.o
 .comment       0x0000007f       0x80 src/Buffer.o
 .comment       0x0000007f       0x80 src/USART.o
 .comment       0x0000007f       0x80 src/main.o
 .comment       0x0000007f       0x80 src/system_stm32f0xx.o

.debug_frame    0x00000000     0x1d24
 .debug_frame   0x00000000       0xa8 RTOS/src/heap_2.o
 .debug_frame   0x000000a8       0xb0 RTOS/src/list.o
 .debug_frame   0x00000158      0x154 RTOS/src/port.o
 .debug_frame   0x000002ac      0x410 RTOS/src/queue.o
 .debug_frame   0x000006bc      0x6fc RTOS/src/task.o
 .debug_frame   0x00000db8      0x288 RTOS/src/timers.o
 .debug_frame   0x00001040      0x1b0 StdPeriph_Driver/src/stm32f0xx_gpio.o
 .debug_frame   0x000011f0      0x4e4 StdPeriph_Driver/src/stm32f0xx_rcc.o
 .debug_frame   0x000016d4       0xe0 src/ADC.o
 .debug_frame   0x000017b4      0x170 src/Buffer.o
 .debug_frame   0x00001924       0xe4 src/USART.o
 .debug_frame   0x00001a08       0x70 src/main.o
 .debug_frame   0x00001a78       0x6c src/system_stm32f0xx.o
 .debug_frame   0x00001ae4       0x20 c:/ac6/systemworkbench/plugins/fr.ac6.mcu.externaltools.arm-none.win32_1.17.0.201812190825/tools/compiler/bin/../lib/gcc/arm-none-eabi/7.3.1/thumb/v6-m\libgcc.a(_udivsi3.o)
 .debug_frame   0x00001b04       0x2c c:/ac6/systemworkbench/plugins/fr.ac6.mcu.externaltools.arm-none.win32_1.17.0.201812190825/tools/compiler/bin/../lib/gcc/arm-none-eabi/7.3.1/../../../../arm-none-eabi/lib/thumb/v6-m\libc.a(lib_a-init.o)
 .debug_frame   0x00001b30       0x30 c:/ac6/systemworkbench/plugins/fr.ac6.mcu.externaltools.arm-none.win32_1.17.0.201812190825/tools/compiler/bin/../lib/gcc/arm-none-eabi/7.3.1/../../../../arm-none-eabi/lib/thumb/v6-m\libc.a(lib_a-memcpy-stub.o)
 .debug_frame   0x00001b60       0x30 c:/ac6/systemworkbench/plugins/fr.ac6.mcu.externaltools.arm-none.win32_1.17.0.201812190825/tools/compiler/bin/../lib/gcc/arm-none-eabi/7.3.1/../../../../arm-none-eabi/lib/thumb/v6-m\libc.a(lib_a-memset.o)
 .debug_frame   0x00001b90       0x54 c:/ac6/systemworkbench/plugins/fr.ac6.mcu.externaltools.arm-none.win32_1.17.0.201812190825/tools/compiler/bin/../lib/gcc/arm-none-eabi/7.3.1/../../../../arm-none-eabi/lib/thumb/v6-m\libc.a(lib_a-__call_atexit.o)
 .debug_frame   0x00001be4       0x28 c:/ac6/systemworkbench/plugins/fr.ac6.mcu.externaltools.arm-none.win32_1.17.0.201812190825/tools/compiler/bin/../lib/gcc/arm-none-eabi/7.3.1/../../../../arm-none-eabi/lib/thumb/v6-m\libc.a(lib_a-atexit.o)
 .debug_frame   0x00001c0c       0x2c c:/ac6/systemworkbench/plugins/fr.ac6.mcu.externaltools.arm-none.win32_1.17.0.201812190825/tools/compiler/bin/../lib/gcc/arm-none-eabi/7.3.1/../../../../arm-none-eabi/lib/thumb/v6-m\libc.a(lib_a-fini.o)
 .debug_frame   0x00001c38       0xb0 c:/ac6/systemworkbench/plugins/fr.ac6.mcu.externaltools.arm-none.win32_1.17.0.201812190825/tools/compiler/bin/../lib/gcc/arm-none-eabi/7.3.1/../../../../arm-none-eabi/lib/thumb/v6-m\libc.a(lib_a-lock.o)
 .debug_frame   0x00001ce8       0x3c c:/ac6/systemworkbench/plugins/fr.ac6.mcu.externaltools.arm-none.win32_1.17.0.201812190825/tools/compiler/bin/../lib/gcc/arm-none-eabi/7.3.1/../../../../arm-none-eabi/lib/thumb/v6-m\libc.a(lib_a-__atexit.o)
