Archive member included to satisfy reference by file (symbol)

c:/ac6/systemworkbench/plugins/fr.ac6.mcu.externaltools.arm-none.win32_1.17.0.201812190825/tools/compiler/bin/../lib/gcc/arm-none-eabi/7.3.1/thumb/v6-m\libgcc.a(_udivsi3.o)
                              RTOS/src/port.o (__aeabi_uidiv)
c:/ac6/systemworkbench/plugins/fr.ac6.mcu.externaltools.arm-none.win32_1.17.0.201812190825/tools/compiler/bin/../lib/gcc/arm-none-eabi/7.3.1/thumb/v6-m\libgcc.a(_divsi3.o)
                              StdPeriph_Driver/src/stm32f0xx_rcc.o (__aeabi_idiv)
c:/ac6/systemworkbench/plugins/fr.ac6.mcu.externaltools.arm-none.win32_1.17.0.201812190825/tools/compiler/bin/../lib/gcc/arm-none-eabi/7.3.1/thumb/v6-m\libgcc.a(_dvmd_tls.o)
                              c:/ac6/systemworkbench/plugins/fr.ac6.mcu.externaltools.arm-none.win32_1.17.0.201812190825/tools/compiler/bin/../lib/gcc/arm-none-eabi/7.3.1/thumb/v6-m\libgcc.a(_udivsi3.o) (__aeabi_idiv0)
c:/ac6/systemworkbench/plugins/fr.ac6.mcu.externaltools.arm-none.win32_1.17.0.201812190825/tools/compiler/bin/../lib/gcc/arm-none-eabi/7.3.1/../../../../arm-none-eabi/lib/thumb/v6-m\libc.a(lib_a-errno.o)
                              src/syscalls.o (__errno)
c:/ac6/systemworkbench/plugins/fr.ac6.mcu.externaltools.arm-none.win32_1.17.0.201812190825/tools/compiler/bin/../lib/gcc/arm-none-eabi/7.3.1/../../../../arm-none-eabi/lib/thumb/v6-m\libc.a(lib_a-exit.o)
                              c:/ac6/systemworkbench/plugins/fr.ac6.mcu.externaltools.arm-none.win32_1.17.0.201812190825/tools/compiler/bin/../lib/gcc/arm-none-eabi/7.3.1/../../../../arm-none-eabi/lib/thumb/v6-m/crt0.o (exit)
c:/ac6/systemworkbench/plugins/fr.ac6.mcu.externaltools.arm-none.win32_1.17.0.201812190825/tools/compiler/bin/../lib/gcc/arm-none-eabi/7.3.1/../../../../arm-none-eabi/lib/thumb/v6-m\libc.a(lib_a-impure.o)
                              c:/ac6/systemworkbench/plugins/fr.ac6.mcu.externaltools.arm-none.win32_1.17.0.201812190825/tools/compiler/bin/../lib/gcc/arm-none-eabi/7.3.1/../../../../arm-none-eabi/lib/thumb/v6-m\libc.a(lib_a-exit.o) (_global_impure_ptr)
c:/ac6/systemworkbench/plugins/fr.ac6.mcu.externaltools.arm-none.win32_1.17.0.201812190825/tools/compiler/bin/../lib/gcc/arm-none-eabi/7.3.1/../../../../arm-none-eabi/lib/thumb/v6-m\libc.a(lib_a-init.o)
                              c:/ac6/systemworkbench/plugins/fr.ac6.mcu.externaltools.arm-none.win32_1.17.0.201812190825/tools/compiler/bin/../lib/gcc/arm-none-eabi/7.3.1/../../../../arm-none-eabi/lib/thumb/v6-m/crt0.o (__libc_init_array)
c:/ac6/systemworkbench/plugins/fr.ac6.mcu.externaltools.arm-none.win32_1.17.0.201812190825/tools/compiler/bin/../lib/gcc/arm-none-eabi/7.3.1/../../../../arm-none-eabi/lib/thumb/v6-m\libc.a(lib_a-memcpy-stub.o)
                              RTOS/src/queue.o (memcpy)
c:/ac6/systemworkbench/plugins/fr.ac6.mcu.externaltools.arm-none.win32_1.17.0.201812190825/tools/compiler/bin/../lib/gcc/arm-none-eabi/7.3.1/../../../../arm-none-eabi/lib/thumb/v6-m\libc.a(lib_a-memset.o)
                              c:/ac6/systemworkbench/plugins/fr.ac6.mcu.externaltools.arm-none.win32_1.17.0.201812190825/tools/compiler/bin/../lib/gcc/arm-none-eabi/7.3.1/../../../../arm-none-eabi/lib/thumb/v6-m/crt0.o (memset)
c:/ac6/systemworkbench/plugins/fr.ac6.mcu.externaltools.arm-none.win32_1.17.0.201812190825/tools/compiler/bin/../lib/gcc/arm-none-eabi/7.3.1/../../../../arm-none-eabi/lib/thumb/v6-m\libc.a(lib_a-__call_atexit.o)
                              c:/ac6/systemworkbench/plugins/fr.ac6.mcu.externaltools.arm-none.win32_1.17.0.201812190825/tools/compiler/bin/../lib/gcc/arm-none-eabi/7.3.1/../../../../arm-none-eabi/lib/thumb/v6-m\libc.a(lib_a-exit.o) (__call_exitprocs)
c:/ac6/systemworkbench/plugins/fr.ac6.mcu.externaltools.arm-none.win32_1.17.0.201812190825/tools/compiler/bin/../lib/gcc/arm-none-eabi/7.3.1/../../../../arm-none-eabi/lib/thumb/v6-m\libc.a(lib_a-atexit.o)
                              c:/ac6/systemworkbench/plugins/fr.ac6.mcu.externaltools.arm-none.win32_1.17.0.201812190825/tools/compiler/bin/../lib/gcc/arm-none-eabi/7.3.1/../../../../arm-none-eabi/lib/thumb/v6-m\libc.a(lib_a-__call_atexit.o) (atexit)
c:/ac6/systemworkbench/plugins/fr.ac6.mcu.externaltools.arm-none.win32_1.17.0.201812190825/tools/compiler/bin/../lib/gcc/arm-none-eabi/7.3.1/../../../../arm-none-eabi/lib/thumb/v6-m\libc.a(lib_a-fini.o)
                              c:/ac6/systemworkbench/plugins/fr.ac6.mcu.externaltools.arm-none.win32_1.17.0.201812190825/tools/compiler/bin/../lib/gcc/arm-none-eabi/7.3.1/../../../../arm-none-eabi/lib/thumb/v6-m\libc.a(lib_a-__call_atexit.o) (__libc_fini_array)
c:/ac6/systemworkbench/plugins/fr.ac6.mcu.externaltools.arm-none.win32_1.17.0.201812190825/tools/compiler/bin/../lib/gcc/arm-none-eabi/7.3.1/../../../../arm-none-eabi/lib/thumb/v6-m\libc.a(lib_a-lock.o)
[...]
Memory Configuration

Name             Origin             Length             Attributes
FLASH            0x08000000         0x00010000         xr
RAM              0x20000000         0x00002000         xrw
*default*        0x00000000         0xffffffff

Linker script and memory map

LOAD c:/ac6/systemworkbench/plugins/fr.ac6.mcu.externaltools.arm-none.win32_1.17.0.201812190825/tools/compiler/bin/../lib/gcc/arm-none-eabi/7.3.1/thumb/v6-m/crti.o
LOAD c:/ac6/systemworkbench/plugins/fr.ac6.mcu.externaltools.arm-none.win32_1.17.0.201812190825/tools/compiler/bin/../lib/gcc/arm-none-eabi/7.3.1/thumb/v6-m/crtbegin.o
LOAD c:/ac6/systemworkbench/plugins/fr.ac6.mcu.externaltools.arm-none.win32_1.17.0.201812190825/tools/compiler/bin/../lib/gcc/arm-none-eabi/7.3.1/../../../../arm-none-eabi/lib/thumb/v6-m/crt0.o
LOAD RTOS/src/croutine.o
LOAD RTOS/src/event_groups.o
LOAD RTOS/src/heap_2.o
LOAD RTOS/src/list.o
LOAD RTOS/src/port.o
LOAD RTOS/src/queue.o
LOAD RTOS/src/task.o
LOAD RTOS/src/timers.o
LOAD StdPeriph_Driver/src/stm32f0xx_adc.o
LOAD StdPeriph_Driver/src/stm32f0xx_cec.o
LOAD StdPeriph_Driver/src/stm32f0xx_comp.o
LOAD StdPeriph_Driver/src/stm32f0xx_crc.o
LOAD StdPeriph_Driver/src/stm32f0xx_dac.o
LOAD StdPeriph_Driver/src/stm32f0xx_dbgmcu.o
LOAD StdPeriph_Driver/src/stm32f0xx_dma.o
LOAD StdPeriph_Driver/src/stm32f0xx_exti.o
LOAD StdPeriph_Driver/src/stm32f0xx_flash.o
LOAD StdPeriph_Driver/src/stm32f0xx_gpio.o
LOAD StdPeriph_Driver/src/stm32f0xx_i2c.o
LOAD StdPeriph_Driver/src/stm32f0xx_iwdg.o
LOAD StdPeriph_Driver/src/stm32f0xx_misc.o
LOAD StdPeriph_Driver/src/stm32f0xx_pwr.o
LOAD StdPeriph_Driver/src/stm32f0xx_rcc.o
LOAD StdPeriph_Driver/src/stm32f0xx_rtc.o
LOAD StdPeriph_Driver/src/stm32f0xx_spi.o
LOAD StdPeriph_Driver/src/stm32f0xx_syscfg.o
LOAD StdPeriph_Driver/src/stm32f0xx_tim.o
LOAD StdPeriph_Driver/src/stm32f0xx_usart.o
LOAD StdPeriph_Driver/src/stm32f0xx_wwdg.o
LOAD Utilities/stm32f0_discovery.o
LOAD src/ADC.o
LOAD src/Buffer.o
LOAD src/USART.o
LOAD src/main.o
LOAD src/syscalls.o
LOAD src/system_stm32f0xx.o
LOAD startup/startup_stm32f0xx.o
LOAD c:/ac6/systemworkbench/plugins/fr.ac6.mcu.externaltools.arm-none.win32_1.17.0.201812190825/tools/compiler/bin/../lib/gcc/arm-none-eabi/7.3.1/../../../../arm-none-eabi/lib/thumb/v6-m\libm.a
START GROUP
LOAD c:/ac6/systemworkbench/plugins/fr.ac6.mcu.externaltools.arm-none.win32_1.17.0.201812190825/tools/compiler/bin/../lib/gcc/arm-none-eabi/7.3.1/thumb/v6-m\libgcc.a
LOAD c:/ac6/systemworkbench/plugins/fr.ac6.mcu.externaltools.arm-none.win32_1.17.0.201812190825/tools/compiler/bin/../lib/gcc/arm-none-eabi/7.3.1/../../../../arm-none-eabi/lib/thumb/v6-m\libc.a
END GROUP
LOAD c:/ac6/systemworkbench/plugins/fr.ac6.mcu.externaltools.arm-none.win32_1.17.0.201812190825/tools/compiler/bin/../lib/gcc/arm-none-eabi/7.3.1/thumb/v6-m/crtend.o
LOAD c:/ac6/systemworkbench/plugins/fr.ac6.mcu.externaltools.arm-none.win32_1.17.0.201812190825/tools/compiler/bin/../lib/gcc/arm-none-eabi/7.3.1/thumb/v6-m/crtn.o
                0x20002000                _estack = 0x20002000
                0x00000000                _Min_Heap_Size = 0x0
                0x00000080                _Min_Stack_Size = 0x80

.isr_vector     0x08000000       0xc4
                0x08000000                . = ALIGN (0x4)
 *(.isr_vector)
 .isr_vector    0x08000000       0xc4 startup/startup_stm32f0xx.o
                0x08000000                g_pfnVectors
                0x080000c4                . = ALIGN (0x4)

.text           0x080000d0     0x222c
                0x080000d0                . = ALIGN (0x4)
 *(.text)
 .text          0x080000d0       0x48 c:/ac6/systemworkbench/plugins/fr.ac6.mcu.externaltools.arm-none.win32_1.17.0.201812190825/tools/compiler/bin/../lib/gcc/arm-none-eabi/7.3.1/thumb/v6-m/crtbegin.o
 .text          0x08000118      0x114 c:/ac6/systemworkbench/plugins/fr.ac6.mcu.externaltools.arm-none.win32_1.17.0.201812190825/tools/compiler/bin/../lib/gcc/arm-none-eabi/7.3.1/thumb/v6-m\libgcc.a(_udivsi3.o)
                0x08000118                __aeabi_uidiv
                0x08000118                __udivsi3
                0x08000224                __aeabi_uidivmod
 .text          0x0800022c        0x4 c:/ac6/systemworkbench/plugins/fr.ac6.mcu.externaltools.arm-none.win32_1.17.0.201812190825/tools/compiler/bin/../lib/gcc/arm-none-eabi/7.3.1/thumb/v6-m\libgcc.a(_dvmd_tls.o)
                0x0800022c                __aeabi_idiv0
                0x0800022c                __aeabi_ldiv0
 *(.text*)
 .text.pvPortMalloc
                0x08000230       0xb8 RTOS/src/heap_2.o
                0x08000230                pvPortMalloc
 .text.vPortFree
                0x080002e8       0x3c RTOS/src/heap_2.o
                0x080002e8                vPortFree
 .text.vListInitialise
                0x08000324       0x18 RTOS/src/list.o
                0x08000324                vListInitialise
 .text.vListInitialiseItem
                0x0800033c        0x8 RTOS/src/list.o
                0x0800033c                vListInitialiseItem
 .text.vListInsertEnd
                0x08000344       0x18 RTOS/src/list.o
                0x08000344                vListInsertEnd
 .text.vListInsert
                0x0800035c       0x30 RTOS/src/list.o
                0x0800035c                vListInsert
 .text.uxListRemove
                0x0800038c       0x20 RTOS/src/list.o
                0x0800038c                uxListRemove
 .text.prvTaskExitError
                0x080003ac       0x14 RTOS/src/port.o
 .text.vPortStartFirstTask
                0x080003c0       0x34 RTOS/src/port.o
 .text.pxPortInitialiseStack
                0x080003f4       0x20 RTOS/src/port.o
                0x080003f4                pxPortInitialiseStack
 .text.xPortStartScheduler
                0x08000414       0x54 RTOS/src/port.o
                0x08000414                xPortStartScheduler
 .text.vPortYield
                0x08000468       0x18 RTOS/src/port.o
                0x08000468                vPortYield
 .text.vPortEnterCritical
                0x08000480       0x18 RTOS/src/port.o
                0x08000480                vPortEnterCritical
 .text.vPortExitCritical
                0x08000498       0x1c RTOS/src/port.o
                0x08000498                vPortExitCritical
 .text.ulSetInterruptMaskFromISR
                0x080004b4        0xc RTOS/src/port.o
                0x080004b4                ulSetInterruptMaskFromISR
 .text.vClearInterruptMaskFromISR
                0x080004c0        0x8 RTOS/src/port.o
                0x080004c0                vClearInterruptMaskFromISR
 *fill*         0x080004c8        0x8 
 .text.PendSV_Handler
                0x080004d0       0x44 RTOS/src/port.o
                0x080004d0                PendSV_Handler
 .text.SysTick_Handler
                0x08000514       0x24 RTOS/src/port.o
                0x08000514                SysTick_Handler
 .text.xQueueGenericCreate
                0x08000538       0x80 RTOS/src/queue.o
                0x08000538                xQueueGenericCreate
 .text.xQueueGenericSend
                0x080005b8      0x378 RTOS/src/queue.o
                0x080005b8                xQueueGenericSend
 .text.xQueueGenericReceive
                0x08000930      0x304 RTOS/src/queue.o
                0x08000930                xQueueGenericReceive
 .text.vQueueAddToRegistry
                0x08000c34       0x60 RTOS/src/queue.o
                0x08000c34                vQueueAddToRegistry
 .text.vQueueWaitForMessageRestricted
                0x08000c94       0xd8 RTOS/src/queue.o
                0x08000c94                vQueueWaitForMessageRestricted
 .text.prvAddCurrentTaskToDelayedList
                0x08000d6c       0x58 RTOS/src/task.o
 .text.xTaskCreate
                0x08000dc4      0x250 RTOS/src/task.o
                0x08000dc4                xTaskCreate
 .text.vTaskStartScheduler
                0x08001014      0x18c RTOS/src/task.o
                0x08001014                vTaskStartScheduler
 .text.vTaskSuspendAll
                0x080011a0       0x10 RTOS/src/task.o
                0x080011a0                vTaskSuspendAll
 .text.xTaskGetTickCount
                0x080011b0        0xc RTOS/src/task.o
                0x080011b0                xTaskGetTickCount
 .text.xTaskIncrementTick
                0x080011bc      0x10c RTOS/src/task.o
                0x080011bc                xTaskIncrementTick
 .text.xTaskResumeAll
                0x080012c8       0xdc RTOS/src/task.o
                0x080012c8                xTaskResumeAll
 .text.vTaskDelay
                0x080013a4       0x30 RTOS/src/task.o
                0x080013a4                vTaskDelay
 .text.prvIdleTask
                0x080013d4       0x60 RTOS/src/task.o
 .text.vTaskSwitchContext
                0x08001434       0xc0 RTOS/src/task.o
                0x08001434                vTaskSwitchContext
 .text.vTaskPlaceOnEventList
                0x080014f4       0x60 RTOS/src/task.o
                0x080014f4                vTaskPlaceOnEventList
 .text.vTaskPlaceOnEventListRestricted
                0x08001554       0x6c RTOS/src/task.o
                0x08001554                vTaskPlaceOnEventListRestricted
 .text.xTaskRemoveFromEventList
                0x080015c0       0x70 RTOS/src/task.o
                0x080015c0                xTaskRemoveFromEventList
 .text.vTaskSetTimeOutState
                0x08001630       0x20 RTOS/src/task.o
                0x08001630                vTaskSetTimeOutState
 .text.xTaskCheckForTimeOut
                0x08001650       0x68 RTOS/src/task.o
                0x08001650                xTaskCheckForTimeOut
 .text.vTaskMissedYield
                0x080016b8        0xc RTOS/src/task.o
                0x080016b8                vTaskMissedYield
 .text.xTaskGetSchedulerState
                0x080016c4       0x18 RTOS/src/task.o
                0x080016c4                xTaskGetSchedulerState
 .text.vTaskPriorityInherit
                0x080016dc       0x70 RTOS/src/task.o
                0x080016dc                vTaskPriorityInherit
 .text.xTaskPriorityDisinherit
                0x0800174c       0x68 RTOS/src/task.o
                0x0800174c                xTaskPriorityDisinherit
 .text.pvTaskIncrementMutexHeldCount
                0x080017b4       0x18 RTOS/src/task.o
                0x080017b4                pvTaskIncrementMutexHeldCount
 .text.prvTimerTask
                0x080017cc      0x2c4 RTOS/src/timers.o
 .text.xTimerCreateTimerTask
                0x08001a90       0x7c RTOS/src/timers.o
                0x08001a90                xTimerCreateTimerTask
 .text.GPIO_Init
                0x08001b0c       0xb0 StdPeriph_Driver/src/stm32f0xx_gpio.o
                0x08001b0c                GPIO_Init
 .text.GPIO_StructInit
                0x08001bbc       0x10 StdPeriph_Driver/src/stm32f0xx_gpio.o
                0x08001bbc                GPIO_StructInit
 .text.RCC_AHBPeriphClockCmd
                0x08001bcc       0x18 StdPeriph_Driver/src/stm32f0xx_rcc.o
                0x08001bcc                RCC_AHBPeriphClockCmd
 .text.initADC  0x08001be4       0xcc src/ADC.o
                0x08001be4                initADC
 .text.Buffer_init
                0x08001cb0       0x14 src/Buffer.o
                0x08001cb0                Buffer_init
 .text.CharBuffer_add
                0x08001cc4       0x2c src/Buffer.o
                0x08001cc4                CharBuffer_add
 .text.CharBuffer_init
                0x08001cf0        0xc src/Buffer.o
                0x08001cf0                CharBuffer_init
 .text.CharBuffer_to_Buffer
                0x08001cfc       0x78 src/Buffer.o
                0x08001cfc                CharBuffer_to_Buffer
 .text.initUSART
                0x08001d74       0x8c src/USART.o
                0x08001d74                initUSART
 .text.USART1_IRQHandler
                0x08001e00       0x70 src/USART.o
                0x08001e00                USART1_IRQHandler
 .text.blinkyTask
                0x08001e70       0x50 src/main.o
                0x08001e70                blinkyTask
 .text.startup.main
                0x08001ec0       0x30 src/main.o
                0x08001ec0                main
 .text.SystemInit
                0x08001ef0       0xbc src/system_stm32f0xx.o
                0x08001ef0                SystemInit
 .text.Reset_Handler
                0x08001fac       0x50 startup/startup_stm32f0xx.o
                0x08001fac                Reset_Handler
 .text.Default_Handler
                0x08001ffc        0x2 startup/startup_stm32f0xx.o
                0x08001ffc                TIM1_CC_IRQHandler
                0x08001ffc                HardFault_Handler
                0x08001ffc                ADC1_COMP_IRQHandler
                0x08001ffc                PVD_IRQHandler
                0x08001ffc                NMI_Handler
                0x08001ffc                I2C1_IRQHandler
                0x08001ffc                SPI1_IRQHandler
                0x08001ffc                TIM6_DAC_IRQHandler
                0x08001ffc                EXTI2_3_IRQHandler
                0x08001ffc                I2C2_IRQHandler
                0x08001ffc                TIM17_IRQHandler
                0x08001ffc                RTC_IRQHandler
                0x08001ffc                TIM16_IRQHandler
                0x08001ffc                TIM3_IRQHandler
                0x08001ffc                EXTI4_15_IRQHandler
                0x08001ffc                RCC_IRQHandler
                0x08001ffc                DMA1_Channel1_IRQHandler
                0x08001ffc                Default_Handler
                0x08001ffc                CEC_IRQHandler
                0x08001ffc                TIM14_IRQHandler
                0x08001ffc                DMA1_Channel4_5_IRQHandler
                0x08001ffc                TIM15_IRQHandler
                0x08001ffc                EXTI0_1_IRQHandler
                0x08001ffc                SPI2_IRQHandler
                0x08001ffc                SVC_Handler
                0x08001ffc                TS_IRQHandler
                0x08001ffc                WWDG_IRQHandler
                0x08001ffc                TIM2_IRQHandler
                0x08001ffc                DMA1_Channel2_3_IRQHandler
                0x08001ffc                USART2_IRQHandler
                0x08001ffc                FLASH_IRQHandler
                0x08001ffc                TIM1_BRK_UP_TRG_COM_IRQHandler
 *fill*         0x08001ffe        0x2 
 .text.__libc_init_array
                0x08002000       0x48 c:/ac6/systemworkbench/plugins/fr.ac6.mcu.externaltools.arm-none.win32_1.17.0.201812190825/tools/compiler/bin/../lib/gcc/arm-none-eabi/7.3.1/../../../../arm-none-eabi/lib/thumb/v6-m\libc.a(lib_a-init.o)
                0x08002000                __libc_init_array
 .text.memcpy   0x08002048       0x88 c:/ac6/systemworkbench/plugins/fr.ac6.mcu.externaltools.arm-none.win32_1.17.0.201812190825/tools/compiler/bin/../lib/gcc/arm-none-eabi/7.3.1/../../../../arm-none-eabi/lib/thumb/v6-m\libc.a(lib_a-memcpy-stub.o)
                0x08002048                memcpy
 .text.memset   0x080020d0       0x9c c:/ac6/systemworkbench/plugins/fr.ac6.mcu.externaltools.arm-none.win32_1.17.0.201812190825/tools/compiler/bin/../lib/gcc/arm-none-eabi/7.3.1/../../../../arm-none-eabi/lib/thumb/v6-m\libc.a(lib_a-memset.o)
                0x080020d0                memset
 .text.startup.register_fini
                0x0800216c       0x18 c:/ac6/systemworkbench/plugins/fr.ac6.mcu.externaltools.arm-none.win32_1.17.0.201812190825/tools/compiler/bin/../lib/gcc/arm-none-eabi/7.3.1/../../../../arm-none-eabi/lib/thumb/v6-m\libc.a(lib_a-__call_atexit.o)
 .text.atexit   0x08002184       0x10 c:/ac6/systemworkbench/plugins/fr.ac6.mcu.externaltools.arm-none.win32_1.17.0.201812190825/tools/compiler/bin/../lib/gcc/arm-none-eabi/7.3.1/../../../../arm-none-eabi/lib/thumb/v6-m\libc.a(lib_a-atexit.o)
                0x08002184                atexit
 .text.__libc_fini_array
                0x08002194       0x34 c:/ac6/systemworkbench/plugins/fr.ac6.mcu.externaltools.arm-none.win32_1.17.0.201812190825/tools/compiler/bin/../lib/gcc/arm-none-eabi/7.3.1/../../../../arm-none-eabi/lib/thumb/v6-m\libc.a(lib_a-fini.o)
                0x08002194                __libc_fini_array
 .text.__retarget_lock_acquire_recursive
                0x080021c8        0x4 c:/ac6/systemworkbench/plugins/fr.ac6.mcu.externaltools.arm-none.win32_1.17.0.201812190825/tools/compiler/bin/../lib/gcc/arm-none-eabi/7.3.1/../../../../arm-none-eabi/lib/thumb/v6-m\libc.a(lib_a-lock.o)
                0x080021c8                __retarget_lock_acquire_recursive
 .text.__retarget_lock_release_recursive
                0x080021cc        0x4 c:/ac6/systemworkbench/plugins/fr.ac6.mcu.externaltools.arm-none.win32_1.17.0.201812190825/tools/compiler/bin/../lib/gcc/arm-none-eabi/7.3.1/../../../../arm-none-eabi/lib/thumb/v6-m\libc.a(lib_a-lock.o)
                0x080021cc                __retarget_lock_release_recursive
 .text.__register_exitproc
                0x080021d0       0xf4 c:/ac6/systemworkbench/plugins/fr.ac6.mcu.externaltools.arm-none.win32_1.17.0.201812190825/tools/compiler/bin/../lib/gcc/arm-none-eabi/7.3.1/../../../../arm-none-eabi/lib/thumb/v6-m\libc.a(lib_a-__atexit.o)
                0x080021d0                __register_exitproc
 *(.rodata)
 *(.rodata*)
 .rodata.str1.4
                0x080022c4       0x10 RTOS/src/timers.o
 .rodata.str1.4
                0x080022d4        0xc src/main.o
                                  0xb (size before relaxing)
 .rodata._global_impure_ptr
                0x080022e0        0x4 c:/ac6/systemworkbench/plugins/fr.ac6.mcu.externaltools.arm-none.win32_1.17.0.201812190825/tools/compiler/bin/../lib/gcc/arm-none-eabi/7.3.1/../../../../arm-none-eabi/lib/thumb/v6-m\libc.a(lib_a-impure.o)
                0x080022e0                _global_impure_ptr
 *(.glue_7)
 .glue_7        0x080022e4        0x0 linker stubs
 *(.glue_7t)
 .glue_7t       0x080022e4        0x0 linker stubs
 *(.eh_frame)
 .eh_frame      0x080022e4        0x0 c:/ac6/systemworkbench/plugins/fr.ac6.mcu.externaltools.arm-none.win32_1.17.0.201812190825/tools/compiler/bin/../lib/gcc/arm-none-eabi/7.3.1/thumb/v6-m/crtbegin.o
 *(.init)
 .init          0x080022e4        0x4 c:/ac6/systemworkbench/plugins/fr.ac6.mcu.externaltools.arm-none.win32_1.17.0.201812190825/tools/compiler/bin/../lib/gcc/arm-none-eabi/7.3.1/thumb/v6-m/crti.o
                0x080022e4                _init
 .init          0x080022e8        0x8 c:/ac6/systemworkbench/plugins/fr.ac6.mcu.externaltools.arm-none.win32_1.17.0.201812190825/tools/compiler/bin/../lib/gcc/arm-none-eabi/7.3.1/thumb/v6-m/crtn.o
 *(.fini)
 .fini          0x080022f0        0x4 c:/ac6/systemworkbench/plugins/fr.ac6.mcu.externaltools.arm-none.win32_1.17.0.201812190825/tools/compiler/bin/../lib/gcc/arm-none-eabi/7.3.1/thumb/v6-m/crti.o
                0x080022f0                _fini
 .fini          0x080022f4        0x8 c:/ac6/systemworkbench/plugins/fr.ac6.mcu.externaltools.arm-none.win32_1.17.0.201812190825/tools/compiler/bin/../lib/gcc/arm-none-eabi/7.3.1/thumb/v6-m/crtn.o
                0x080022fc                . = ALIGN (0x4)
                0x080022fc                _etext = .

.vfp11_veneer   0x080022fc        0x0
 .vfp11_veneer  0x080022fc        0x0 linker stubs

.v4_bx          0x080022fc        0x0
 .v4_bx         0x080022fc        0x0 linker stubs

.iplt           0x080022fc        0x0
 .iplt          0x080022fc        0x0 c:/ac6/systemworkbench/plugins/fr.ac6.mcu.externaltools.arm-none.win32_1.17.0.201812190825/tools/compiler/bin/../lib/gcc/arm-none-eabi/7.3.1/thumb/v6-m/crtbegin.o

.rel.dyn        0x080022fc        0x0
 .rel.iplt      0x080022fc        0x0 c:/ac6/systemworkbench/plugins/fr.ac6.mcu.externaltools.arm-none.win32_1.17.0.201812190825/tools/compiler/bin/../lib/gcc/arm-none-eabi/7.3.1/thumb/v6-m/crtbegin.o

.ARM.extab
 *(.ARM.extab* .gnu.linkonce.armextab.*)

.ARM            0x080022fc        0x0
                0x080022fc                __exidx_start = .
 *(.ARM.exidx*)
                0x080022fc                __exidx_end = .

.preinit_array  0x080022fc        0x0
                0x080022fc                PROVIDE (__preinit_array_start = .)
 *(.preinit_array*)
                0x080022fc                PROVIDE (__preinit_array_end = .)

.init_array     0x080022fc        0x8
                0x080022fc                PROVIDE (__init_array_start = .)
 *(SORT_BY_NAME(.init_array.*))
 .init_array.00000
                0x080022fc        0x4 c:/ac6/systemworkbench/plugins/fr.ac6.mcu.externaltools.arm-none.win32_1.17.0.201812190825/tools/compiler/bin/../lib/gcc/arm-none-eabi/7.3.1/../../../../arm-none-eabi/lib/thumb/v6-m\libc.a(lib_a-__call_atexit.o)
 *(.init_array*)
 .init_array    0x08002300        0x4 c:/ac6/systemworkbench/plugins/fr.ac6.mcu.externaltools.arm-none.win32_1.17.0.201812190825/tools/compiler/bin/../lib/gcc/arm-none-eabi/7.3.1/thumb/v6-m/crtbegin.o
                0x08002304                PROVIDE (__init_array_end = .)

.fini_array     0x08002304        0x4
                0x08002304                PROVIDE (__fini_array_start = .)
 *(SORT_BY_NAME(.fini_array.*))
 *(.fini_array*)
 .fini_array    0x08002304        0x4 c:/ac6/systemworkbench/plugins/fr.ac6.mcu.externaltools.arm-none.win32_1.17.0.201812190825/tools/compiler/bin/../lib/gcc/arm-none-eabi/7.3.1/thumb/v6-m/crtbegin.o
                0x08002308                PROVIDE (__fini_array_end = .)
                0x08002308                _sidata = LOADADDR (.data)

.data           0x20000000      0x44c load address 0x08002308
                0x20000000                . = ALIGN (0x4)
                0x20000000                _sdata = .
 *(.data)
 .data          0x20000000        0x4 RTOS/src/heap_2.o
 .data          0x20000004        0x4 RTOS/src/port.o
 .data          0x20000008       0x14 src/system_stm32f0xx.o
                0x20000008                AHBPrescTable
                0x20000018                SystemCoreClock
 *(.data*)
 *fill*         0x2000001c        0x4 
 .data.impure_data
                0x20000020      0x428 c:/ac6/systemworkbench/plugins/fr.ac6.mcu.externaltools.arm-none.win32_1.17.0.201812190825/tools/compiler/bin/../lib/gcc/arm-none-eabi/7.3.1/../../../../arm-none-eabi/lib/thumb/v6-m\libc.a(lib_a-impure.o)
 .data.__atexit_recursive_mutex
                0x20000448        0x4 c:/ac6/systemworkbench/plugins/fr.ac6.mcu.externaltools.arm-none.win32_1.17.0.201812190825/tools/compiler/bin/../lib/gcc/arm-none-eabi/7.3.1/../../../../arm-none-eabi/lib/thumb/v6-m\libc.a(lib_a-__call_atexit.o)
                0x20000448                __atexit_recursive_mutex
                0x2000044c                . = ALIGN (0x4)
                0x2000044c                _edata = .

.igot.plt       0x2000044c        0x0 load address 0x08002754
 .igot.plt      0x2000044c        0x0 c:/ac6/systemworkbench/plugins/fr.ac6.mcu.externaltools.arm-none.win32_1.17.0.201812190825/tools/compiler/bin/../lib/gcc/arm-none-eabi/7.3.1/thumb/v6-m/crtbegin.o
                0x2000044c                . = ALIGN (0x4)

.bss            0x2000044c     0x12a4 load address 0x08002754
                0x2000044c                _sbss = .
                0x2000044c                __bss_start__ = _sbss
 *(.bss)
 .bss           0x2000044c       0x1c c:/ac6/systemworkbench/plugins/fr.ac6.mcu.externaltools.arm-none.win32_1.17.0.201812190825/tools/compiler/bin/../lib/gcc/arm-none-eabi/7.3.1/thumb/v6-m/crtbegin.o
 .bss           0x20000468     0x107c RTOS/src/heap_2.o
 .bss           0x200014e4      0x104 RTOS/src/task.o
                0x200014e8                pxCurrentTCB
 .bss           0x200015e8       0x3c RTOS/src/timers.o
 *(.bss*)
 *(COMMON)
 COMMON         0x20001624       0x40 RTOS/src/queue.o
                0x20001624                xQueueRegistry
 COMMON         0x20001664       0x10 src/ADC.o
                0x20001664                ADC_Buffer
 COMMON         0x20001674       0x58 src/USART.o
                0x20001674                Word
                0x20001680                Buffer
 COMMON         0x200016cc       0x21 c:/ac6/systemworkbench/plugins/fr.ac6.mcu.externaltools.arm-none.win32_1.17.0.201812190825/tools/compiler/bin/../lib/gcc/arm-none-eabi/7.3.1/../../../../arm-none-eabi/lib/thumb/v6-m\libc.a(lib_a-lock.o)
                0x200016cc                __lock___atexit_recursive_mutex
                0x200016d0                __lock___arc4random_mutex
                0x200016d4                __lock___env_recursive_mutex
                0x200016d8                __lock___sinit_recursive_mutex
                0x200016dc                __lock___malloc_recursive_mutex
                0x200016e0                __lock___at_quick_exit_mutex
                0x200016e4                __lock___dd_hash_mutex
                0x200016e8                __lock___tz_mutex
                0x200016ec                __lock___sfp_recursive_mutex
                0x200016f0                . = ALIGN (0x4)
 *fill*         0x200016ed        0x3 
                0x200016f0                _ebss = .
                0x200016f0                __bss_end__ = _ebss

._user_heap_stack
                0x200016f0       0x80 load address 0x08002754
                0x200016f0                . = ALIGN (0x8)
                0x200016f0                PROVIDE (end = .)
                [!provide]                PROVIDE (_end = .)
                0x200016f0                . = (. + _Min_Heap_Size)
                0x20001770                . = (. + _Min_Stack_Size)
 *fill*         0x200016f0       0x80 
                0x20001770                . = ALIGN (0x8)

.ARM.attributes
                0x00000000       0x28
 *(.ARM.attributes)
 .ARM.attributes
                0x00000000       0x1e c:/ac6/systemworkbench/plugins/fr.ac6.mcu.externaltools.arm-none.win32_1.17.0.201812190825/tools/compiler/bin/../lib/gcc/arm-none-eabi/7.3.1/thumb/v6-m/crti.o
 .ARM.attributes
                0x0000001e       0x2c c:/ac6/systemworkbench/plugins/fr.ac6.mcu.externaltools.arm-none.win32_1.17.0.201812190825/tools/compiler/bin/../lib/gcc/arm-none-eabi/7.3.1/thumb/v6-m/crtbegin.o
 .ARM.attributes
                0x0000004a       0x31 RTOS/src/heap_2.o
 .ARM.attributes
                0x0000007b       0x31 RTOS/src/list.o
 .ARM.attributes
                0x000000ac       0x31 RTOS/src/port.o
 .ARM.attributes
                0x000000dd       0x31 RTOS/src/queue.o
 .ARM.attributes
                0x0000010e       0x31 RTOS/src/task.o
 .ARM.attributes
                0x0000013f       0x31 RTOS/src/timers.o
 .ARM.attributes
                0x00000170       0x31 StdPeriph_Driver/src/stm32f0xx_gpio.o
 .ARM.attributes
                0x000001a1       0x31 StdPeriph_Driver/src/stm32f0xx_rcc.o
 .ARM.attributes
                0x000001d2       0x31 src/ADC.o
 .ARM.attributes
                0x00000203       0x31 src/Buffer.o
 .ARM.attributes
                0x00000234       0x31 src/USART.o
 .ARM.attributes
                0x00000265       0x31 src/main.o
 .ARM.attributes
                0x00000296       0x31 src/system_stm32f0xx.o
 .ARM.attributes
                0x000002c7       0x21 startup/startup_stm32f0xx.o
 .ARM.attributes
                0x000002e8       0x1e c:/ac6/systemworkbench/plugins/fr.ac6.mcu.externaltools.arm-none.win32_1.17.0.201812190825/tools/compiler/bin/../lib/gcc/arm-none-eabi/7.3.1/thumb/v6-m\libgcc.a(_udivsi3.o)
 .ARM.attributes
                0x00000306       0x1e c:/ac6/systemworkbench/plugins/fr.ac6.mcu.externaltools.arm-none.win32_1.17.0.201812190825/tools/compiler/bin/../lib/gcc/arm-none-eabi/7.3.1/thumb/v6-m\libgcc.a(_dvmd_tls.o)
 .ARM.attributes
                0x00000324       0x2c c:/ac6/systemworkbench/plugins/fr.ac6.mcu.externaltools.arm-none.win32_1.17.0.201812190825/tools/compiler/bin/../lib/gcc/arm-none-eabi/7.3.1/../../../../arm-none-eabi/lib/thumb/v6-m\libc.a(lib_a-impure.o)
 .ARM.attributes
                0x00000350       0x2c c:/ac6/systemworkbench/plugins/fr.ac6.mcu.externaltools.arm-none.win32_1.17.0.201812190825/tools/compiler/bin/../lib/gcc/arm-none-eabi/7.3.1/../../../../arm-none-eabi/lib/thumb/v6-m\libc.a(lib_a-init.o)
 .ARM.attributes
                0x0000037c       0x2c c:/ac6/systemworkbench/plugins/fr.ac6.mcu.externaltools.arm-none.win32_1.17.0.201812190825/tools/compiler/bin/../lib/gcc/arm-none-eabi/7.3.1/../../../../arm-none-eabi/lib/thumb/v6-m\libc.a(lib_a-memcpy-stub.o)
 .ARM.attributes
                0x000003a8       0x2c c:/ac6/systemworkbench/plugins/fr.ac6.mcu.externaltools.arm-none.win32_1.17.0.201812190825/tools/compiler/bin/../lib/gcc/arm-none-eabi/7.3.1/../../../../arm-none-eabi/lib/thumb/v6-m\libc.a(lib_a-memset.o)
 .ARM.attributes
                0x000003d4       0x2c c:/ac6/systemworkbench/plugins/fr.ac6.mcu.externaltools.arm-none.win32_1.17.0.201812190825/tools/compiler/bin/../lib/gcc/arm-none-eabi/7.3.1/../../../../arm-none-eabi/lib/thumb/v6-m\libc.a(lib_a-__call_atexit.o)
 .ARM.attributes
                0x00000400       0x2c c:/ac6/systemworkbench/plugins/fr.ac6.mcu.externaltools.arm-none.win32_1.17.0.201812190825/tools/compiler/bin/../lib/gcc/arm-none-eabi/7.3.1/../../../../arm-none-eabi/lib/thumb/v6-m\libc.a(lib_a-atexit.o)
 .ARM.attributes
                0x0000042c       0x2c c:/ac6/systemworkbench/plugins/fr.ac6.mcu.externaltools.arm-none.win32_1.17.0.201812190825/tools/compiler/bin/../lib/gcc/arm-none-eabi/7.3.1/../../../../arm-none-eabi/lib/thumb/v6-m\libc.a(lib_a-fini.o)
 .ARM.attributes
                0x00000458       0x2c c:/ac6/systemworkbench/plugins/fr.ac6.mcu.externaltools.arm-none.win32_1.17.0.201812190825/tools/compiler/bin/../lib/gcc/arm-none-eabi/7.3.1/../../../../arm-none-eabi/lib/thumb/v6-m\libc.a(lib_a-lock.o)
 .ARM.attributes
                0x00000484       0x2c c:/ac6/systemworkbench/plugins/fr.ac6.mcu.externaltools.arm-none.win32_1.17.0.201812190825/tools/compiler/bin/../lib/gcc/arm-none-eabi/7.3.1/../../../../arm-none-eabi/lib/thumb/v6-m\libc.a(lib_a-__atexit.o)
 .ARM.attributes
                0x000004b0       0x1e c:/ac6/systemworkbench/plugins/fr.ac6.mcu.externaltools.arm-none.win32_1.17.0.201812190825/tools/compiler/bin/../lib/gcc/arm-none-eabi/7.3.1/thumb/v6-m/crtn.o
OUTPUT(Power_Board.elf elf32-littlearm)

.comment        0x00000000       0x7f
 .comment       0x00000000       0x7f RTOS/src/heap_2.o
                                 0x80 (size before relaxing)
 .comment       0x0000007f       0x80 RTOS/src/list.o
 .comment       0x0000007f       0x80 RTOS/src/port.o
 .comment       0x0000007f       0x80 RTOS/src/queue.o
 .comment       0x0000007f       0x80 RTOS/src/task.o
 .comment       0x0000007f       0x80 RTOS/src/timers.o
 .comment       0x0000007f       0x80 StdPeriph_Driver/src/stm32f0xx_gpio.o
 .comment       0x0000007f       0x80 StdPeriph_Driver/src/stm32f0xx_rcc.o
 .comment       0x0000007f       0x80 src/ADC.o
 .comment       0x0000007f       0x80 src/Buffer.o
 .comment       0x0000007f       0x80 src/USART.o
 .comment       0x0000007f       0x80 src/main.o
 .comment       0x0000007f       0x80 src/system_stm32f0xx.o

.debug_frame    0x00000000      0x240
 .debug_frame   0x00000000       0x20 c:/ac6/systemworkbench/plugins/fr.ac6.mcu.externaltools.arm-none.win32_1.17.0.201812190825/tools/compiler/bin/../lib/gcc/arm-none-eabi/7.3.1/thumb/v6-m\libgcc.a(_udivsi3.o)
 .debug_frame   0x00000020       0x2c c:/ac6/systemworkbench/plugins/fr.ac6.mcu.externaltools.arm-none.win32_1.17.0.201812190825/tools/compiler/bin/../lib/gcc/arm-none-eabi/7.3.1/../../../../arm-none-eabi/lib/thumb/v6-m\libc.a(lib_a-init.o)
 .debug_frame   0x0000004c       0x30 c:/ac6/systemworkbench/plugins/fr.ac6.mcu.externaltools.arm-none.win32_1.17.0.201812190825/tools/compiler/bin/../lib/gcc/arm-none-eabi/7.3.1/../../../../arm-none-eabi/lib/thumb/v6-m\libc.a(lib_a-memcpy-stub.o)
 .debug_frame   0x0000007c       0x30 c:/ac6/systemworkbench/plugins/fr.ac6.mcu.externaltools.arm-none.win32_1.17.0.201812190825/tools/compiler/bin/../lib/gcc/arm-none-eabi/7.3.1/../../../../arm-none-eabi/lib/thumb/v6-m\libc.a(lib_a-memset.o)
 .debug_frame   0x000000ac       0x54 c:/ac6/systemworkbench/plugins/fr.ac6.mcu.externaltools.arm-none.win32_1.17.0.201812190825/tools/compiler/bin/../lib/gcc/arm-none-eabi/7.3.1/../../../../arm-none-eabi/lib/thumb/v6-m\libc.a(lib_a-__call_atexit.o)
 .debug_frame   0x00000100       0x28 c:/ac6/systemworkbench/plugins/fr.ac6.mcu.externaltools.arm-none.win32_1.17.0.201812190825/tools/compiler/bin/../lib/gcc/arm-none-eabi/7.3.1/../../../../arm-none-eabi/lib/thumb/v6-m\libc.a(lib_a-atexit.o)
 .debug_frame   0x00000128       0x2c c:/ac6/systemworkbench/plugins/fr.ac6.mcu.externaltools.arm-none.win32_1.17.0.201812190825/tools/compiler/bin/../lib/gcc/arm-none-eabi/7.3.1/../../../../arm-none-eabi/lib/thumb/v6-m\libc.a(lib_a-fini.o)
 .debug_frame   0x00000154       0xb0 c:/ac6/systemworkbench/plugins/fr.ac6.mcu.externaltools.arm-none.win32_1.17.0.201812190825/tools/compiler/bin/../lib/gcc/arm-none-eabi/7.3.1/../../../../arm-none-eabi/lib/thumb/v6-m\libc.a(lib_a-lock.o)
 .debug_frame   0x00000204       0x3c c:/ac6/systemworkbench/plugins/fr.ac6.mcu.externaltools.arm-none.win32_1.17.0.201812190825/tools/compiler/bin/../lib/gcc/arm-none-eabi/7.3.1/../../../../arm-none-eabi/lib/thumb/v6-m\libc.a(lib_a-__atexit.o)
